Component: ARM Compiler 6.16 Tool: armlink [5dfeaa00]

==============================================================================

Section Cross References

    main.o(.text.main) refers to main.o(.text.initGPIO) for initGPIO
    main.o(.text.main) refers to rtx_kernel.o(.text.osKernelInitialize) for osKernelInitialize
    main.o(.text.main) refers to main.o(.text.thread1) for thread1
    main.o(.text.main) refers to rtx_thread.o(.text.osThreadNew) for osThreadNew
    main.o(.text.main) refers to main.o(.bss.t1) for t1
    main.o(.text.main) refers to main.o(.text.thread2) for thread2
    main.o(.text.main) refers to main.o(.bss.t2) for t2
    main.o(.text.main) refers to main.o(.text.thread3) for thread3
    main.o(.text.main) refers to main.o(.bss.t3) for t3
    main.o(.text.main) refers to rtx_kernel.o(.text.osKernelStart) for osKernelStart
    main.o(.ARM.exidx.text.main) refers to main.o(.text.main) for [Anonymous Symbol]
    main.o(.text.initGPIO) refers to stm32f10x_rcc.o(.text.RCC_APB2PeriphClockCmd) for RCC_APB2PeriphClockCmd
    main.o(.text.initGPIO) refers to stm32f10x_gpio.o(.text.GPIO_Init) for GPIO_Init
    main.o(.ARM.exidx.text.initGPIO) refers to main.o(.text.initGPIO) for [Anonymous Symbol]
    main.o(.text.thread1) refers to main.o(.bss.t2) for t2
    main.o(.text.thread1) refers to main.o(.bss.flagsSet2) for flagsSet2
    main.o(.text.thread1) refers to main.o(.bss.t3) for t3
    main.o(.text.thread1) refers to main.o(.bss.flagsSet3) for flagsSet3
    main.o(.text.thread1) refers to main.o(.text.checkButtonClick) for checkButtonClick
    main.o(.text.thread1) refers to rtx_thread.o(.text.osThreadFlagsSet) for osThreadFlagsSet
    main.o(.ARM.exidx.text.thread1) refers to main.o(.text.thread1) for [Anonymous Symbol]
    main.o(.text.thread2) refers to main.o(.bss.flagsWait2) for flagsWait2
    main.o(.text.thread2) refers to main.o(.text.PWM2) for PWM2
    main.o(.text.thread2) refers to rtx_thread.o(.text.osThreadFlagsWait) for osThreadFlagsWait
    main.o(.ARM.exidx.text.thread2) refers to main.o(.text.thread2) for [Anonymous Symbol]
    main.o(.text.thread3) refers to main.o(.bss.flagsWait3) for flagsWait3
    main.o(.text.thread3) refers to main.o(.text.PWM3) for PWM3
    main.o(.text.thread3) refers to rtx_thread.o(.text.osThreadFlagsWait) for osThreadFlagsWait
    main.o(.ARM.exidx.text.thread3) refers to main.o(.text.thread3) for [Anonymous Symbol]
    main.o(.ARM.exidx.text.checkButtonClick) refers to main.o(.text.checkButtonClick) for [Anonymous Symbol]
    main.o(.text.PWM2) refers to rtx_delay.o(.text.osDelay) for osDelay
    main.o(.ARM.exidx.text.PWM2) refers to main.o(.text.PWM2) for [Anonymous Symbol]
    main.o(.text.PWM3) refers to rtx_delay.o(.text.osDelay) for osDelay
    main.o(.ARM.exidx.text.PWM3) refers to main.o(.text.PWM3) for [Anonymous Symbol]
    rtx_lib.o(.text._platform_post_stackheap_init) refers to rtx_kernel.o(.text.osKernelInitialize) for osKernelInitialize
    rtx_lib.o(.ARM.exidx.text._platform_post_stackheap_init) refers to rtx_lib.o(.text._platform_post_stackheap_init) for [Anonymous Symbol]
    rtx_lib.o(.text.__user_perthread_libspace) refers to rtx_lib.o(.text.os_kernel_is_active) for os_kernel_is_active
    rtx_lib.o(.text.__user_perthread_libspace) refers to rtx_thread.o(.text.osThreadGetId) for osThreadGetId
    rtx_lib.o(.text.__user_perthread_libspace) refers to rtx_lib.o(.bss.os.libspace) for os_libspace_id
    rtx_lib.o(.text.__user_perthread_libspace) refers to rtx_config.o(.text.osRtxErrorNotify) for osRtxErrorNotify
    rtx_lib.o(.ARM.exidx.text.__user_perthread_libspace) refers to rtx_lib.o(.text.__user_perthread_libspace) for [Anonymous Symbol]
    rtx_lib.o(.text.os_kernel_is_active) refers to rtx_lib.o(.bss.os_kernel_is_active.os_kernel_active) for os_kernel_is_active.os_kernel_active
    rtx_lib.o(.text.os_kernel_is_active) refers to rtx_kernel.o(.text.osKernelGetState) for osKernelGetState
    rtx_lib.o(.ARM.exidx.text.os_kernel_is_active) refers to rtx_lib.o(.text.os_kernel_is_active) for [Anonymous Symbol]
    rtx_lib.o(.text._mutex_initialize) refers to rtx_mutex.o(.text.osMutexNew) for osMutexNew
    rtx_lib.o(.text._mutex_initialize) refers to rtx_config.o(.text.osRtxErrorNotify) for osRtxErrorNotify
    rtx_lib.o(.ARM.exidx.text._mutex_initialize) refers to rtx_lib.o(.text._mutex_initialize) for [Anonymous Symbol]
    rtx_lib.o(.text._mutex_acquire) refers to rtx_lib.o(.text.os_kernel_is_active) for os_kernel_is_active
    rtx_lib.o(.text._mutex_acquire) refers to rtx_mutex.o(.text.osMutexAcquire) for osMutexAcquire
    rtx_lib.o(.ARM.exidx.text._mutex_acquire) refers to rtx_lib.o(.text._mutex_acquire) for [Anonymous Symbol]
    rtx_lib.o(.text._mutex_release) refers to rtx_lib.o(.text.os_kernel_is_active) for os_kernel_is_active
    rtx_lib.o(.text._mutex_release) refers to rtx_mutex.o(.text.osMutexRelease) for osMutexRelease
[...]
    Removing rtx_msgqueue.o(.text.osMessageQueueGetCount), (48 bytes).
    Removing rtx_msgqueue.o(.ARM.exidx.text.osMessageQueueGetCount), (8 bytes).
    Removing rtx_msgqueue.o(.text.svcRtxMessageQueueGetCount), (16 bytes).
    Removing rtx_msgqueue.o(.ARM.exidx.text.svcRtxMessageQueueGetCount), (8 bytes).
    Removing rtx_msgqueue.o(.text.osMessageQueueGetSpace), (36 bytes).
    Removing rtx_msgqueue.o(.ARM.exidx.text.osMessageQueueGetSpace), (8 bytes).
    Removing rtx_msgqueue.o(.text.svcRtxMessageQueueGetSpace), (20 bytes).
    Removing rtx_msgqueue.o(.ARM.exidx.text.svcRtxMessageQueueGetSpace), (8 bytes).
    Removing rtx_msgqueue.o(.text.osMessageQueueReset), (36 bytes).
    Removing rtx_msgqueue.o(.ARM.exidx.text.osMessageQueueReset), (8 bytes).
    Removing rtx_msgqueue.o(.text.osMessageQueueDelete), (36 bytes).
    Removing rtx_msgqueue.o(.ARM.exidx.text.osMessageQueueDelete), (8 bytes).
    Removing rtx_msgqueue.o(.ARM.exidx.text.svcRtxMessageQueueNew), (8 bytes).
    Removing rtx_msgqueue.o(.ARM.exidx.text.osRtxMessageQueuePostProcess), (8 bytes).
    Removing rtx_msgqueue.o(.ARM.exidx.text.MessageQueueRemove), (8 bytes).
    Removing rtx_msgqueue.o(.ARM.exidx.text.MessageQueuePut), (8 bytes).
    Removing rtx_msgqueue.o(.text.svcRtxMessageQueueGetName), (16 bytes).
    Removing rtx_msgqueue.o(.ARM.exidx.text.svcRtxMessageQueueGetName), (8 bytes).
    Removing rtx_msgqueue.o(.ARM.exidx.text.svcRtxMessageQueuePut), (8 bytes).
    Removing rtx_msgqueue.o(.ARM.exidx.text.MessageQueueGet), (8 bytes).
    Removing rtx_msgqueue.o(.ARM.exidx.text.svcRtxMessageQueueGet), (8 bytes).
    Removing rtx_msgqueue.o(.text.svcRtxMessageQueueReset), (168 bytes).
    Removing rtx_msgqueue.o(.ARM.exidx.text.svcRtxMessageQueueReset), (8 bytes).
    Removing rtx_msgqueue.o(.text.svcRtxMessageQueueDelete), (112 bytes).
    Removing rtx_msgqueue.o(.ARM.exidx.text.svcRtxMessageQueueDelete), (8 bytes).

635 unused section(s) (total 13395 bytes) removed from the image.

==============================================================================

Image Symbol Table

    Local Symbols

    Symbol Name                              Value     Ov Type        Size  Object(Section)

    ../clib/angel/boardlib.s                 0x00000000   Number         0  boardinit1.o ABSOLUTE
    ../clib/angel/boardlib.s                 0x00000000   Number         0  boardinit3.o ABSOLUTE
    ../clib/angel/boardlib.s                 0x00000000   Number         0  boardshut.o ABSOLUTE
    ../clib/angel/handlers.s                 0x00000000   Number         0  __scatter_copy.o ABSOLUTE
    ../clib/angel/handlers.s                 0x00000000   Number         0  __scatter_zi.o ABSOLUTE
    ../clib/angel/kernel.s                   0x00000000   Number         0  __rtentry.o ABSOLUTE
    ../clib/angel/kernel.s                   0x00000000   Number         0  __rtentry2.o ABSOLUTE
    ../clib/angel/kernel.s                   0x00000000   Number         0  __rtentry4.o ABSOLUTE
    ../clib/angel/kernel.s                   0x00000000   Number         0  rtexit.o ABSOLUTE
    ../clib/angel/kernel.s                   0x00000000   Number         0  rtexit2.o ABSOLUTE
    ../clib/angel/rt.s                       0x00000000   Number         0  rt_raise.o ABSOLUTE
    ../clib/angel/scatter.s                  0x00000000   Number         0  __scatter.o ABSOLUTE
    ../clib/angel/startup.s                  0x00000000   Number         0  __main.o ABSOLUTE
    ../clib/angel/sys.s                      0x00000000   Number         0  sys_stackheap_outer.o ABSOLUTE
    ../clib/angel/sys.s                      0x00000000   Number         0  libspace.o ABSOLUTE
    ../clib/angel/sys.s                      0x00000000   Number         0  use_no_semi.o ABSOLUTE
    ../clib/angel/sys.s                      0x00000000   Number         0  indicate_semi.o ABSOLUTE
    ../clib/angel/sysapp.c                   0x00000000   Number         0  sys_exit.o ABSOLUTE
    ../clib/angel/sysapp.c                   0x00000000   Number         0  sys_exit_hlt.o ABSOLUTE
    ../clib/angel/sysapp.c                   0x00000000   Number         0  sys_command.o ABSOLUTE
    ../clib/angel/sysapp.c                   0x00000000   Number         0  sys_command_hlt.o ABSOLUTE
    ../clib/angel/sysapp.c                   0x00000000   Number         0  sys_wrch.o ABSOLUTE
    ../clib/angel/sysapp.c                   0x00000000   Number         0  sys_wrch_hlt.o ABSOLUTE
    ../clib/armsys.c                         0x00000000   Number         0  argv_veneer.o ABSOLUTE
    ../clib/armsys.c                         0x00000000   Number         0  argv_veneer.o ABSOLUTE
    ../clib/armsys.c                         0x00000000   Number         0  _get_argv_nomalloc.o ABSOLUTE
    ../clib/armsys.c                         0x00000000   Number         0  no_argv.o ABSOLUTE
    ../clib/heapalloc.c                      0x00000000   Number         0  hrguard.o ABSOLUTE
    ../clib/heapaux.c                        0x00000000   Number         0  heapauxi.o ABSOLUTE
    ../clib/libinit.s                        0x00000000   Number         0  libinit.o ABSOLUTE
    ../clib/libinit.s                        0x00000000   Number         0  libinit2.o ABSOLUTE
    ../clib/libinit.s                        0x00000000   Number         0  libshutdown.o ABSOLUTE
    ../clib/libinit.s                        0x00000000   Number         0  libshutdown2.o ABSOLUTE
    ../clib/memcpset.s                       0x00000000   Number         0  rt_memcpy_v6.o ABSOLUTE
    ../clib/memcpset.s                       0x00000000   Number         0  rt_memclr.o ABSOLUTE
    ../clib/memcpset.s                       0x00000000   Number         0  rt_memclr_w.o ABSOLUTE
    ../clib/memcpset.s                       0x00000000   Number         0  rt_memcpy_w.o ABSOLUTE
    ../clib/signal.c                         0x00000000   Number         0  defsig_rtmem_outer.o ABSOLUTE
    ../clib/signal.c                         0x00000000   Number         0  defsig_rtmem_formal.o ABSOLUTE
    ../clib/signal.c                         0x00000000   Number         0  defsig_exit.o ABSOLUTE
    ../clib/signal.c                         0x00000000   Number         0  defsig_rtmem_inner.o ABSOLUTE
    ../clib/signal.c                         0x00000000   Number         0  __raise.o ABSOLUTE
    ../clib/signal.c                         0x00000000   Number         0  defsig_general.o ABSOLUTE
    ../clib/signal.c                         0x00000000   Number         0  defsig_abrt_inner.o ABSOLUTE
    ../clib/signal.c                         0x00000000   Number         0  defsig_fpe_inner.o ABSOLUTE
    ../clib/signal.c                         0x00000000   Number         0  defsig_rtred_inner.o ABSOLUTE
    ../clib/signal.c                         0x00000000   Number         0  defsig_stak_inner.o ABSOLUTE
    ../clib/signal.c                         0x00000000   Number         0  defsig_pvfn_inner.o ABSOLUTE
    ../clib/signal.c                         0x00000000   Number         0  defsig_cppl_inner.o ABSOLUTE
    ../clib/signal.c                         0x00000000   Number         0  defsig_segv_inner.o ABSOLUTE
    ../clib/signal.c                         0x00000000   Number         0  defsig_other.o ABSOLUTE
    ../clib/signal.s                         0x00000000   Number         0  defsig.o ABSOLUTE
    ../clib/stdlib.c                         0x00000000   Number         0  exit.o ABSOLUTE
    ../fplib/fpinit.s                        0x00000000   Number         0  fpinit.o ABSOLUTE
    ../fplib/fpinit_empty.s                  0x00000000   Number         0  fpinit_empty.o ABSOLUTE
    ..\..\..\Source\ARM\irq_cm3.s            0x00000000   Number         0  irq_cm3.o ABSOLUTE
    RTE/Device/STM32F103C8/startup_stm32f10x_md.s 0x00000000   Number         0  startup_stm32f10x_md.o ABSOLUTE
    RTX_Config.c                             0x00000000   Number         0  rtx_config.o ABSOLUTE
    dc.s                                     0x00000000   Number         0  dc.o ABSOLUTE
    main.c                                   0x00000000   Number         0  main.o ABSOLUTE
    misc.c                                   0x00000000   Number         0  misc.o ABSOLUTE
    os_systick.c                             0x00000000   Number         0  os_systick.o ABSOLUTE
    rtx_delay.c                              0x00000000   Number         0  rtx_delay.o ABSOLUTE
    rtx_kernel.c                             0x00000000   Number         0  rtx_kernel.o ABSOLUTE
    rtx_lib.c                                0x00000000   Number         0  rtx_lib.o ABSOLUTE
    rtx_memory.c                             0x00000000   Number         0  rtx_memory.o ABSOLUTE
    rtx_mempool.c                            0x00000000   Number         0  rtx_mempool.o ABSOLUTE
    rtx_msgqueue.c                           0x00000000   Number         0  rtx_msgqueue.o ABSOLUTE
    rtx_mutex.c                              0x00000000   Number         0  rtx_mutex.o ABSOLUTE
    rtx_system.c                             0x00000000   Number         0  rtx_system.o ABSOLUTE
    rtx_thread.c                             0x00000000   Number         0  rtx_thread.o ABSOLUTE
    rtx_timer.c                              0x00000000   Number         0  rtx_timer.o ABSOLUTE
    stm32f10x_gpio.c                         0x00000000   Number         0  stm32f10x_gpio.o ABSOLUTE
    stm32f10x_rcc.c                          0x00000000   Number         0  stm32f10x_rcc.o ABSOLUTE
    stm32f10x_tim.c                          0x00000000   Number         0  stm32f10x_tim.o ABSOLUTE
    system_stm32f10x.c                       0x00000000   Number         0  system_stm32f10x.o ABSOLUTE
    RESET                                    0x08000000   Section      236  startup_stm32f10x_md.o(RESET)
    !!!main                                  0x080000ec   Section        8  __main.o(!!!main)
    !!!scatter                               0x080000f4   Section       52  __scatter.o(!!!scatter)
    !!handler_copy                           0x08000128   Section       26  __scatter_copy.o(!!handler_copy)
    !!handler_zi                             0x08000144   Section       28  __scatter_zi.o(!!handler_zi)
    .ARM.Collect$$libinit$$00000000          0x08000160   Section        2  libinit.o(.ARM.Collect$$libinit$$00000000)
    .ARM.Collect$$libinit$$00000002          0x08000162   Section        0  libinit2.o(.ARM.Collect$$libinit$$00000002)
    .ARM.Collect$$libinit$$00000004          0x08000162   Section        0  libinit2.o(.ARM.Collect$$libinit$$00000004)
    .ARM.Collect$$libinit$$0000000A          0x08000162   Section        0  libinit2.o(.ARM.Collect$$libinit$$0000000A)
    .ARM.Collect$$libinit$$0000000C          0x08000162   Section        0  libinit2.o(.ARM.Collect$$libinit$$0000000C)
    .ARM.Collect$$libinit$$0000000E          0x08000162   Section        0  libinit2.o(.ARM.Collect$$libinit$$0000000E)
    .ARM.Collect$$libinit$$00000011          0x08000162   Section        0  libinit2.o(.ARM.Collect$$libinit$$00000011)
    .ARM.Collect$$libinit$$00000013          0x08000162   Section        0  libinit2.o(.ARM.Collect$$libinit$$00000013)
    .ARM.Collect$$libinit$$00000015          0x08000162   Section        0  libinit2.o(.ARM.Collect$$libinit$$00000015)
    .ARM.Collect$$libinit$$00000017          0x08000162   Section        0  libinit2.o(.ARM.Collect$$libinit$$00000017)
    .ARM.Collect$$libinit$$00000019          0x08000162   Section        0  libinit2.o(.ARM.Collect$$libinit$$00000019)
    .ARM.Collect$$libinit$$0000001B          0x08000162   Section        0  libinit2.o(.ARM.Collect$$libinit$$0000001B)
    .ARM.Collect$$libinit$$0000001D          0x08000162   Section        0  libinit2.o(.ARM.Collect$$libinit$$0000001D)
    .ARM.Collect$$libinit$$0000001F          0x08000162   Section        0  libinit2.o(.ARM.Collect$$libinit$$0000001F)
    .ARM.Collect$$libinit$$00000021          0x08000162   Section        0  libinit2.o(.ARM.Collect$$libinit$$00000021)
    .ARM.Collect$$libinit$$00000023          0x08000162   Section        0  libinit2.o(.ARM.Collect$$libinit$$00000023)
    .ARM.Collect$$libinit$$00000025          0x08000162   Section        0  libinit2.o(.ARM.Collect$$libinit$$00000025)
    .ARM.Collect$$libinit$$0000002C          0x08000162   Section        0  libinit2.o(.ARM.Collect$$libinit$$0000002C)
    .ARM.Collect$$libinit$$0000002E          0x08000162   Section        0  libinit2.o(.ARM.Collect$$libinit$$0000002E)
    .ARM.Collect$$libinit$$00000030          0x08000162   Section        0  libinit2.o(.ARM.Collect$$libinit$$00000030)
    .ARM.Collect$$libinit$$00000032          0x08000162   Section        0  libinit2.o(.ARM.Collect$$libinit$$00000032)
    .ARM.Collect$$libinit$$00000033          0x08000162   Section        2  libinit2.o(.ARM.Collect$$libinit$$00000033)
    .ARM.Collect$$libshutdown$$00000000      0x08000164   Section        2  libshutdown.o(.ARM.Collect$$libshutdown$$00000000)
    .ARM.Collect$$libshutdown$$00000002      0x08000166   Section        0  libshutdown2.o(.ARM.Collect$$libshutdown$$00000002)
    .ARM.Collect$$libshutdown$$00000004      0x08000166   Section        0  libshutdown2.o(.ARM.Collect$$libshutdown$$00000004)
    .ARM.Collect$$libshutdown$$00000007      0x08000166   Section        0  libshutdown2.o(.ARM.Collect$$libshutdown$$00000007)
    .ARM.Collect$$libshutdown$$0000000A      0x08000166   Section        0  libshutdown2.o(.ARM.Collect$$libshutdown$$0000000A)
    .ARM.Collect$$libshutdown$$0000000C      0x08000166   Section        0  libshutdown2.o(.ARM.Collect$$libshutdown$$0000000C)
    .ARM.Collect$$libshutdown$$0000000F      0x08000166   Section        0  libshutdown2.o(.ARM.Collect$$libshutdown$$0000000F)
    .ARM.Collect$$libshutdown$$00000010      0x08000166   Section        2  libshutdown2.o(.ARM.Collect$$libshutdown$$00000010)
    .ARM.Collect$$rtentry$$00000000          0x08000168   Section        0  __rtentry.o(.ARM.Collect$$rtentry$$00000000)
    .ARM.Collect$$rtentry$$00000002          0x08000168   Section        0  __rtentry2.o(.ARM.Collect$$rtentry$$00000002)
    .ARM.Collect$$rtentry$$00000004          0x08000168   Section        6  __rtentry4.o(.ARM.Collect$$rtentry$$00000004)
    .ARM.Collect$$rtentry$$00000008          0x0800016e   Section        8  __rtentry2.o(.ARM.Collect$$rtentry$$00000008)
    .ARM.Collect$$rtentry$$0000000A          0x08000176   Section        4  __rtentry2.o(.ARM.Collect$$rtentry$$0000000A)
    .ARM.Collect$$rtentry$$0000000C          0x0800017a   Section        0  __rtentry2.o(.ARM.Collect$$rtentry$$0000000C)
    .ARM.Collect$$rtentry$$0000000D          0x0800017a   Section        8  __rtentry2.o(.ARM.Collect$$rtentry$$0000000D)
    .ARM.Collect$$rtexit$$00000000           0x08000182   Section        2  rtexit.o(.ARM.Collect$$rtexit$$00000000)
    .ARM.Collect$$rtexit$$00000002           0x08000184   Section        0  rtexit2.o(.ARM.Collect$$rtexit$$00000002)
    .ARM.Collect$$rtexit$$00000003           0x08000184   Section        4  rtexit2.o(.ARM.Collect$$rtexit$$00000003)
    .ARM.Collect$$rtexit$$00000004           0x08000188   Section        6  rtexit2.o(.ARM.Collect$$rtexit$$00000004)
    .text                                    0x08000190   Section       64  startup_stm32f10x_md.o(.text)
    .text                                    0x080001d0   Section      148  irq_cm3.o(.text)
    .text                                    0x08000264   Section      138  rt_memcpy_v6.o(.text)
    .text                                    0x080002ee   Section       68  rt_memclr.o(.text)
    .text                                    0x08000332   Section       78  rt_memclr_w.o(.text)
    .text                                    0x08000380   Section        0  heapauxi.o(.text)
    .text                                    0x08000386   Section      100  rt_memcpy_w.o(.text)
    .text                                    0x080003ea   Section       74  sys_stackheap_outer.o(.text)
    .text                                    0x08000434   Section        0  exit.o(.text)
    .text                                    0x08000448   Section        8  libspace.o(.text)
    .text                                    0x08000450   Section        0  sys_exit.o(.text)
    .text                                    0x0800045c   Section        2  use_no_semi.o(.text)
    .text                                    0x0800045e   Section        0  indicate_semi.o(.text)
    [Anonymous Symbol]                       0x08000460   Section        0  stm32f10x_gpio.o(.text.GPIO_Init)
    MessageQueueGet                          0x08000511   Thumb Code    64  rtx_msgqueue.o(.text.MessageQueueGet)
    [Anonymous Symbol]                       0x08000510   Section        0  rtx_msgqueue.o(.text.MessageQueueGet)
    MessageQueuePut                          0x08000551   Thumb Code    88  rtx_msgqueue.o(.text.MessageQueuePut)
    [Anonymous Symbol]                       0x08000550   Section        0  rtx_msgqueue.o(.text.MessageQueuePut)
    MessageQueueRemove                       0x080005a9   Thumb Code    28  rtx_msgqueue.o(.text.MessageQueueRemove)
    [Anonymous Symbol]                       0x080005a8   Section        0  rtx_msgqueue.o(.text.MessageQueueRemove)
    [Anonymous Symbol]                       0x080005c4   Section        0  os_systick.o(.text.OS_Tick_AcknowledgeIRQ)
    [Anonymous Symbol]                       0x080005cc   Section        0  os_systick.o(.text.OS_Tick_Enable)
    __arm_cp.1_1                             0x080005ec   Number         4  os_systick.o(.text.OS_Tick_Enable)
    [Anonymous Symbol]                       0x080005f0   Section        0  os_systick.o(.text.OS_Tick_GetIRQn)
    [Anonymous Symbol]                       0x080005f8   Section        0  os_systick.o(.text.OS_Tick_Setup)
    __arm_cp.0_0                             0x08000628   Number         4  os_systick.o(.text.OS_Tick_Setup)
    __arm_cp.0_1                             0x0800062c   Number         4  os_systick.o(.text.OS_Tick_Setup)
    __arm_cp.0_2                             0x08000630   Number         4  os_systick.o(.text.OS_Tick_Setup)
    __arm_cp.0_3                             0x08000634   Number         4  os_systick.o(.text.OS_Tick_Setup)
    [Anonymous Symbol]                       0x08000638   Section        0  main.o(.text.PWM2)
    [Anonymous Symbol]                       0x08000664   Section        0  main.o(.text.PWM3)
    [Anonymous Symbol]                       0x08000690   Section        0  stm32f10x_rcc.o(.text.RCC_APB2PeriphClockCmd)
    SetSysClock                              0x080006a9   Thumb Code     8  system_stm32f10x.o(.text.SetSysClock)
    [Anonymous Symbol]                       0x080006a8   Section        0  system_stm32f10x.o(.text.SetSysClock)
    SetSysClockTo72                          0x080006b1   Thumb Code   190  system_stm32f10x.o(.text.SetSysClockTo72)
    [Anonymous Symbol]                       0x080006b0   Section        0  system_stm32f10x.o(.text.SetSysClockTo72)
    [Anonymous Symbol]                       0x08000770   Section        0  system_stm32f10x.o(.text.SystemInit)
    ThreadFlagsCheck                         0x080007c7   Thumb Code   110  rtx_thread.o(.text.ThreadFlagsCheck)
    [Anonymous Symbol]                       0x080007c6   Section        0  rtx_thread.o(.text.ThreadFlagsCheck)
    TimerInsert                              0x08000835   Thumb Code    68  rtx_timer.o(.text.TimerInsert)
    [Anonymous Symbol]                       0x08000834   Section        0  rtx_timer.o(.text.TimerInsert)
    __tagsym$$used.1                         0x08000878   Number         0  rtx_lib.o(.text._mutex_acquire)
    [Anonymous Symbol]                       0x08000878   Section        0  rtx_lib.o(.text._mutex_acquire)
    __tagsym$$used.3                         0x08000894   Number         0  rtx_lib.o(.text._mutex_free)
    [Anonymous Symbol]                       0x08000894   Section        0  rtx_lib.o(.text._mutex_free)
    __tagsym$$used.0                         0x080008a0   Number         0  rtx_lib.o(.text._mutex_initialize)
    [Anonymous Symbol]                       0x080008a0   Section        0  rtx_lib.o(.text._mutex_initialize)
    __tagsym$$used.2                         0x080008c0   Number         0  rtx_lib.o(.text._mutex_release)
    [Anonymous Symbol]                       0x080008c0   Section        0  rtx_lib.o(.text._mutex_release)
    [Anonymous Symbol]                       0x080008d8   Section        0  rtx_lib.o(.text._platform_post_stackheap_init)
    [Anonymous Symbol]                       0x080008e0   Section        0  main.o(.text.checkButtonClick)
    [Anonymous Symbol]                       0x080008f0   Section        0  main.o(.text.initGPIO)
    [Anonymous Symbol]                       0x08000960   Section        0  main.o(.text.main)
    [Anonymous Symbol]                       0x080009c0   Section        0  rtx_delay.o(.text.osDelay)
    __arm_cp.0_0                             0x080009e0   Number         4  rtx_delay.o(.text.osDelay)
    [Anonymous Symbol]                       0x080009e4   Section        0  rtx_kernel.o(.text.osKernelGetState)
    __arm_cp.4_0                             0x08000a0c   Number         4  rtx_kernel.o(.text.osKernelGetState)
    __arm_cp.4_1                             0x08000a10   Number         4  rtx_kernel.o(.text.osKernelGetState)
    [Anonymous Symbol]                       0x08000a14   Section        0  rtx_kernel.o(.text.osKernelInitialize)
    __arm_cp.1_0                             0x08000a3c   Number         4  rtx_kernel.o(.text.osKernelInitialize)
    [Anonymous Symbol]                       0x08000a40   Section        0  rtx_kernel.o(.text.osKernelStart)
    __arm_cp.6_0                             0x08000a60   Number         4  rtx_kernel.o(.text.osKernelStart)
    [Anonymous Symbol]                       0x08000a64   Section        0  rtx_msgqueue.o(.text.osMessageQueueGet)
    __arm_cp.3_0                             0x08000acc   Number         4  rtx_msgqueue.o(.text.osMessageQueueGet)
    [Anonymous Symbol]                       0x08000ad0   Section        0  rtx_msgqueue.o(.text.osMessageQueueNew)
    __arm_cp.0_0                             0x08000af0   Number         4  rtx_msgqueue.o(.text.osMessageQueueNew)
    [Anonymous Symbol]                       0x08000af4   Section        0  rtx_msgqueue.o(.text.osMessageQueuePut)
    __arm_cp.2_0                             0x08000b68   Number         4  rtx_msgqueue.o(.text.osMessageQueuePut)
    [Anonymous Symbol]                       0x08000b6c   Section        0  rtx_mutex.o(.text.osMutexAcquire)
    __arm_cp.4_0                             0x08000b8c   Number         4  rtx_mutex.o(.text.osMutexAcquire)
    [Anonymous Symbol]                       0x08000b90   Section        0  rtx_mutex.o(.text.osMutexDelete)
    __arm_cp.7_0                             0x08000bb0   Number         4  rtx_mutex.o(.text.osMutexDelete)
    [Anonymous Symbol]                       0x08000bb4   Section        0  rtx_mutex.o(.text.osMutexNew)
    __arm_cp.2_0                             0x08000bd4   Number         4  rtx_mutex.o(.text.osMutexNew)
    [Anonymous Symbol]                       0x08000bd8   Section        0  rtx_mutex.o(.text.osMutexRelease)
    __arm_cp.5_0                             0x08000bf8   Number         4  rtx_mutex.o(.text.osMutexRelease)
    [Anonymous Symbol]                       0x08000bfc   Section        0  rtx_config.o(.text.osRtxErrorNotify)
    [Anonymous Symbol]                       0x08000c00   Section        0  rtx_config.o(.text.osRtxIdleThread)
    [Anonymous Symbol]                       0x08000c02   Section        0  rtx_kernel.o(.text.osRtxKernelPreInit)
    [Anonymous Symbol]                       0x08000c04   Section        0  rtx_memory.o(.text.osRtxMemoryAlloc)
    [Anonymous Symbol]                       0x08000c74   Section        0  rtx_memory.o(.text.osRtxMemoryFree)
    [Anonymous Symbol]                       0x08000cba   Section        0  rtx_memory.o(.text.osRtxMemoryInit)
    [Anonymous Symbol]                       0x08000cf6   Section        0  rtx_mempool.o(.text.osRtxMemoryPoolAlloc)
    [Anonymous Symbol]                       0x08000d30   Section        0  rtx_mempool.o(.text.osRtxMemoryPoolFree)
    [Anonymous Symbol]                       0x08000d7a   Section        0  rtx_mempool.o(.text.osRtxMemoryPoolInit)
    osRtxMessageQueuePostProcess             0x08000db1   Thumb Code   186  rtx_msgqueue.o(.text.osRtxMessageQueuePostProcess)
    [Anonymous Symbol]                       0x08000db0   Section        0  rtx_msgqueue.o(.text.osRtxMessageQueuePostProcess)
    [Anonymous Symbol]                       0x08000e6a   Section        0  rtx_mutex.o(.text.osRtxMutexOwnerRelease)
    [Anonymous Symbol]                       0x08000eb2   Section        0  rtx_mutex.o(.text.osRtxMutexOwnerRestore)
    [Anonymous Symbol]                       0x08000ef4   Section        0  rtx_system.o(.text.osRtxPendSV_Handler)
    [Anonymous Symbol]                       0x08000f7c   Section        0  rtx_system.o(.text.osRtxPostProcess)
    __arm_cp.2_1                             0x08000fe8   Number         4  rtx_system.o(.text.osRtxPostProcess)
    osRtxThreadBlock                         0x08000fed   Thumb Code    52  rtx_thread.o(.text.osRtxThreadBlock)
    [Anonymous Symbol]                       0x08000fec   Section        0  rtx_thread.o(.text.osRtxThreadBlock)
    osRtxThreadDelayInsert                   0x08001021   Thumb Code   112  rtx_thread.o(.text.osRtxThreadDelayInsert)
    [Anonymous Symbol]                       0x08001020   Section        0  rtx_thread.o(.text.osRtxThreadDelayInsert)
    osRtxThreadDelayRemove                   0x08001091   Thumb Code    56  rtx_thread.o(.text.osRtxThreadDelayRemove)
    [Anonymous Symbol]                       0x08001090   Section        0  rtx_thread.o(.text.osRtxThreadDelayRemove)
    [Anonymous Symbol]                       0x080010c8   Section        0  rtx_thread.o(.text.osRtxThreadDelayTick)
    [Anonymous Symbol]                       0x08001110   Section        0  rtx_thread.o(.text.osRtxThreadDispatch)
    osRtxThreadFree                          0x08001165   Thumb Code    84  rtx_thread.o(.text.osRtxThreadFree)
    [Anonymous Symbol]                       0x08001164   Section        0  rtx_thread.o(.text.osRtxThreadFree)
    [Anonymous Symbol]                       0x080011b8   Section        0  rtx_thread.o(.text.osRtxThreadListGet)
    [Anonymous Symbol]                       0x080011ca   Section        0  rtx_thread.o(.text.osRtxThreadListPut)
    [Anonymous Symbol]                       0x080011f6   Section        0  rtx_thread.o(.text.osRtxThreadListRemove)
    osRtxThreadListRoot                      0x0800120b   Thumb Code    12  rtx_thread.o(.text.osRtxThreadListRoot)
    [Anonymous Symbol]                       0x0800120a   Section        0  rtx_thread.o(.text.osRtxThreadListRoot)
    [Anonymous Symbol]                       0x08001216   Section        0  rtx_thread.o(.text.osRtxThreadListSort)
    osRtxThreadPostProcess                   0x0800123d   Thumb Code    40  rtx_thread.o(.text.osRtxThreadPostProcess)
    [Anonymous Symbol]                       0x0800123c   Section        0  rtx_thread.o(.text.osRtxThreadPostProcess)
    [Anonymous Symbol]                       0x08001264   Section        0  rtx_thread.o(.text.osRtxThreadReadyPut)
    [Anonymous Symbol]                       0x08001274   Section        0  rtx_thread.o(.text.osRtxThreadRegPtr)
    [Anonymous Symbol]                       0x0800127c   Section        0  rtx_thread.o(.text.osRtxThreadStackCheck)
    __arm_cp.9_0                             0x0800129c   Number         4  rtx_thread.o(.text.osRtxThreadStackCheck)
    __arm_cp.9_1                             0x080012a0   Number         4  rtx_thread.o(.text.osRtxThreadStackCheck)
    [Anonymous Symbol]                       0x080012a4   Section        0  rtx_thread.o(.text.osRtxThreadStartup)
    __arm_cp.16_1                            0x080012d4   Number         4  rtx_thread.o(.text.osRtxThreadStartup)
    __arm_cp.16_3                            0x080012d8   Number         4  rtx_thread.o(.text.osRtxThreadStartup)
    [Anonymous Symbol]                       0x080012dc   Section        0  rtx_thread.o(.text.osRtxThreadSwitch)
    [Anonymous Symbol]                       0x080012e8   Section        0  rtx_thread.o(.text.osRtxThreadWaitEnter)
    __arm_cp.14_0                            0x0800131c   Number         4  rtx_thread.o(.text.osRtxThreadWaitEnter)
    [Anonymous Symbol]                       0x08001320   Section        0  rtx_thread.o(.text.osRtxThreadWaitExit)
    [Anonymous Symbol]                       0x08001344   Section        0  rtx_system.o(.text.osRtxTick_Handler)
    __arm_cp.0_0                             0x080013b0   Number         4  rtx_system.o(.text.osRtxTick_Handler)
    [Anonymous Symbol]                       0x080013b4   Section        0  rtx_timer.o(.text.osRtxTimerThread)
    __arm_cp.0_1                             0x080013e4   Number         4  rtx_timer.o(.text.osRtxTimerThread)
    __arm_cp.0_2                             0x080013e8   Number         4  rtx_timer.o(.text.osRtxTimerThread)
    osRtxTimerTick                           0x080013ed   Thumb Code    84  rtx_timer.o(.text.osRtxTimerTick)
    [Anonymous Symbol]                       0x080013ec   Section        0  rtx_timer.o(.text.osRtxTimerTick)
    __arm_cp.1_0                             0x0800143c   Number         4  rtx_timer.o(.text.osRtxTimerTick)
    [Anonymous Symbol]                       0x08001440   Section        0  rtx_thread.o(.text.osThreadExit)
    __arm_cp.32_0                            0x08001448   Number         4  rtx_thread.o(.text.osThreadExit)
    [Anonymous Symbol]                       0x0800144c   Section        0  rtx_thread.o(.text.osThreadFlagsSet)
    __arm_cp.36_0                            0x080014a0   Number         4  rtx_thread.o(.text.osThreadFlagsSet)
    [Anonymous Symbol]                       0x080014a4   Section        0  rtx_thread.o(.text.osThreadFlagsWait)
    __arm_cp.39_0                            0x080014c4   Number         4  rtx_thread.o(.text.osThreadFlagsWait)
    [Anonymous Symbol]                       0x080014c8   Section        0  rtx_thread.o(.text.osThreadNew)
    __arm_cp.18_0                            0x080014e8   Number         4  rtx_thread.o(.text.osThreadNew)
    os_kernel_is_active                      0x080014ed   Thumb Code    30  rtx_lib.o(.text.os_kernel_is_active)
    [Anonymous Symbol]                       0x080014ec   Section        0  rtx_lib.o(.text.os_kernel_is_active)
    svcRtxDelay                              0x0800150b   Thumb Code    20  rtx_delay.o(.text.svcRtxDelay)
    [Anonymous Symbol]                       0x0800150a   Section        0  rtx_delay.o(.text.svcRtxDelay)
    svcRtxKernelGetState                     0x08001521   Thumb Code    12  rtx_kernel.o(.text.svcRtxKernelGetState)
    [Anonymous Symbol]                       0x08001520   Section        0  rtx_kernel.o(.text.svcRtxKernelGetState)
    __arm_cp.5_0                             0x08001528   Number         4  rtx_kernel.o(.text.svcRtxKernelGetState)
    svcRtxKernelInitialize                   0x0800152d   Thumb Code   336  rtx_kernel.o(.text.svcRtxKernelInitialize)
    [Anonymous Symbol]                       0x0800152c   Section        0  rtx_kernel.o(.text.svcRtxKernelInitialize)
    __arm_cp.20_0                            0x08001670   Number         4  rtx_kernel.o(.text.svcRtxKernelInitialize)
    __arm_cp.20_1                            0x08001674   Number         4  rtx_kernel.o(.text.svcRtxKernelInitialize)
    __arm_cp.20_2                            0x08001678   Number         4  rtx_kernel.o(.text.svcRtxKernelInitialize)
    svcRtxKernelStart                        0x0800167d   Thumb Code   136  rtx_kernel.o(.text.svcRtxKernelStart)
    [Anonymous Symbol]                       0x0800167c   Section        0  rtx_kernel.o(.text.svcRtxKernelStart)
    __arm_cp.21_0                            0x080016f4   Number         4  rtx_kernel.o(.text.svcRtxKernelStart)
    __arm_cp.21_1                            0x080016f8   Number         4  rtx_kernel.o(.text.svcRtxKernelStart)
    __arm_cp.21_2                            0x080016fc   Number         4  rtx_kernel.o(.text.svcRtxKernelStart)
    __arm_cp.21_3                            0x08001700   Number         4  rtx_kernel.o(.text.svcRtxKernelStart)
    svcRtxMessageQueueGet                    0x08001705   Thumb Code   224  rtx_msgqueue.o(.text.svcRtxMessageQueueGet)
    [Anonymous Symbol]                       0x08001704   Section        0  rtx_msgqueue.o(.text.svcRtxMessageQueueGet)
    __arm_cp.21_0                            0x080017e0   Number         4  rtx_msgqueue.o(.text.svcRtxMessageQueueGet)
    svcRtxMessageQueueNew                    0x080017e5   Thumb Code   304  rtx_msgqueue.o(.text.svcRtxMessageQueueNew)
    [Anonymous Symbol]                       0x080017e4   Section        0  rtx_msgqueue.o(.text.svcRtxMessageQueueNew)
    __arm_cp.14_0                            0x0800190c   Number         4  rtx_msgqueue.o(.text.svcRtxMessageQueueNew)
    __arm_cp.14_1                            0x08001910   Number         4  rtx_msgqueue.o(.text.svcRtxMessageQueueNew)
    svcRtxMessageQueuePut                    0x08001915   Thumb Code   188  rtx_msgqueue.o(.text.svcRtxMessageQueuePut)
    [Anonymous Symbol]                       0x08001914   Section        0  rtx_msgqueue.o(.text.svcRtxMessageQueuePut)
    svcRtxMutexAcquire                       0x080019d1   Thumb Code   148  rtx_mutex.o(.text.svcRtxMutexAcquire)
    [Anonymous Symbol]                       0x080019d0   Section        0  rtx_mutex.o(.text.svcRtxMutexAcquire)
    __arm_cp.10_0                            0x08001a60   Number         4  rtx_mutex.o(.text.svcRtxMutexAcquire)
    svcRtxMutexDelete                        0x08001a65   Thumb Code   172  rtx_mutex.o(.text.svcRtxMutexDelete)
    [Anonymous Symbol]                       0x08001a64   Section        0  rtx_mutex.o(.text.svcRtxMutexDelete)
    svcRtxMutexNew                           0x08001b11   Thumb Code   104  rtx_mutex.o(.text.svcRtxMutexNew)
    [Anonymous Symbol]                       0x08001b10   Section        0  rtx_mutex.o(.text.svcRtxMutexNew)
    __arm_cp.8_0                             0x08001b74   Number         4  rtx_mutex.o(.text.svcRtxMutexNew)
    svcRtxMutexRelease                       0x08001b79   Thumb Code   180  rtx_mutex.o(.text.svcRtxMutexRelease)
    [Anonymous Symbol]                       0x08001b78   Section        0  rtx_mutex.o(.text.svcRtxMutexRelease)
    __arm_cp.11_0                            0x08001c28   Number         4  rtx_mutex.o(.text.svcRtxMutexRelease)
    svcRtxThreadExit                         0x08001c2d   Thumb Code   104  rtx_thread.o(.text.svcRtxThreadExit)
    [Anonymous Symbol]                       0x08001c2c   Section        0  rtx_thread.o(.text.svcRtxThreadExit)
    __arm_cp.55_0                            0x08001c90   Number         4  rtx_thread.o(.text.svcRtxThreadExit)
    svcRtxThreadFlagsSet                     0x08001c95   Thumb Code   102  rtx_thread.o(.text.svcRtxThreadFlagsSet)
    [Anonymous Symbol]                       0x08001c94   Section        0  rtx_thread.o(.text.svcRtxThreadFlagsSet)
    svcRtxThreadFlagsWait                    0x08001cfd   Thumb Code    76  rtx_thread.o(.text.svcRtxThreadFlagsWait)
    [Anonymous Symbol]                       0x08001cfc   Section        0  rtx_thread.o(.text.svcRtxThreadFlagsWait)
    __arm_cp.62_0                            0x08001d44   Number         4  rtx_thread.o(.text.svcRtxThreadFlagsWait)
    svcRtxThreadNew                          0x08001d49   Thumb Code   464  rtx_thread.o(.text.svcRtxThreadNew)
    [Anonymous Symbol]                       0x08001d48   Section        0  rtx_thread.o(.text.svcRtxThreadNew)
    __arm_cp.17_0                            0x08001f04   Number         4  rtx_thread.o(.text.svcRtxThreadNew)
    __arm_cp.17_1                            0x08001f08   Number         4  rtx_thread.o(.text.svcRtxThreadNew)
    __arm_cp.17_2                            0x08001f0c   Number         4  rtx_thread.o(.text.svcRtxThreadNew)
    __arm_cp.17_3                            0x08001f10   Number         4  rtx_thread.o(.text.svcRtxThreadNew)
    __arm_cp.17_4                            0x08001f14   Number         4  rtx_thread.o(.text.svcRtxThreadNew)
    [Anonymous Symbol]                       0x08001f18   Section        0  main.o(.text.thread1)
    [Anonymous Symbol]                       0x08001f54   Section        0  main.o(.text.thread2)
    [Anonymous Symbol]                       0x08001f8c   Section        0  main.o(.text.thread3)
    __tagsym$$used.4                         0x08001fc0   Number         0  rtx_lib.o(.rodata)
    __tagsym$$used.5                         0x08002028   Number         0  rtx_lib.o(.rodata)
    os_idle_thread_attr                      0x08002064   Data          36  rtx_lib.o(.rodata.os_idle_thread_attr)
    [Anonymous Symbol]                       0x08002064   Section        0  rtx_lib.o(.rodata.os_idle_thread_attr)
    os_timer_mq_attr                         0x08002088   Data          24  rtx_lib.o(.rodata.os_timer_mq_attr)
    [Anonymous Symbol]                       0x08002088   Section        0  rtx_lib.o(.rodata.os_timer_mq_attr)
    os_timer_thread_attr                     0x080020a0   Data          36  rtx_lib.o(.rodata.os_timer_thread_attr)
    [Anonymous Symbol]                       0x080020a0   Section        0  rtx_lib.o(.rodata.os_timer_thread_attr)
    .L.str                                   0x080020c4   Data          11  rtx_kernel.o(.rodata.str1.4)
    [Anonymous Symbol]                       0x080020c4   Section        0  rtx_kernel.o(.rodata.str1.4)
    .bss                                     0x200000a8   Section       96  libspace.o(.bss)
    PendST                                   0x20000108   Data           1  os_systick.o(.bss.PendST)
    [Anonymous Symbol]                       0x20000108   Section        0  os_systick.o(.bss.PendST)
    os_isr_queue                             0x20000120   Data          64  rtx_lib.o(.bss.os)
    [Anonymous Symbol]                       0x20000120   Section        0  rtx_lib.o(.bss.os)
    os_mem                                   0x20000160   Data       32768  rtx_lib.o(.bss.os)
    os_timer_mq_cb                           0x20008160   Data          52  rtx_lib.o(.bss.os.msgqueue.cb)
    [Anonymous Symbol]                       0x20008160   Section        0  rtx_lib.o(.bss.os.msgqueue.cb)
    os_timer_mq_data                         0x20008194   Data          80  rtx_lib.o(.bss.os.msgqueue.mem)
    [Anonymous Symbol]                       0x20008194   Section        0  rtx_lib.o(.bss.os.msgqueue.mem)
    os_idle_thread_cb                        0x200081e4   Data          68  rtx_lib.o(.bss.os.thread.cb)
    [Anonymous Symbol]                       0x200081e4   Section        0  rtx_lib.o(.bss.os.thread.cb)
    os_timer_thread_cb                       0x20008228   Data          68  rtx_lib.o(.bss.os.thread.cb)
    os_idle_thread_stack                     0x20008270   Data         512  rtx_lib.o(.bss.os.thread.stack)
    [Anonymous Symbol]                       0x20008270   Section        0  rtx_lib.o(.bss.os.thread.stack)
    os_timer_thread_stack                    0x20008470   Data         512  rtx_lib.o(.bss.os.thread.stack)
    os_kernel_is_active.os_kernel_active     0x20008670   Data           1  rtx_lib.o(.bss.os_kernel_is_active.os_kernel_active)
    [Anonymous Symbol]                       0x20008670   Section        0  rtx_lib.o(.bss.os_kernel_is_active.os_kernel_active)
    Heap_Mem                                 0x20008680   Data         512  startup_stm32f10x_md.o(HEAP)
    HEAP                                     0x20008680   Section      512  startup_stm32f10x_md.o(HEAP)
    Stack_Mem                                0x20008880   Data        1024  startup_stm32f10x_md.o(STACK)
    STACK                                    0x20008880   Section     1024  startup_stm32f10x_md.o(STACK)
    __initial_sp                             0x20008c80   Data           0  startup_stm32f10x_md.o(STACK)

    Global Symbols

    Symbol Name                              Value     Ov Type        Size  Object(Section)

    BuildAttributes$$THM_ISAv4$P$D$K$B$S$PE$A:L22UL41UL21$X:L11$S22US41US21$IEEE1$IW$~IW$USESV6$~STKCKD$USESV7$~SHL$OTIME$ROPI$EBA8$UX$STANDARDLIB$REQ8$PRES8$EABIv2 0x00000000   Number         0  anon$$obj.o ABSOLUTE
    __fp_init_empty                          0x00000000   Number         0  fpinit_empty.o ABSOLUTE
    .bss.os.evflags.cb$$Base                  - Undefined Weak Reference
    .bss.os.evflags.cb$$Limit                 - Undefined Weak Reference
    .bss.os.mempool.cb$$Base                  - Undefined Weak Reference
    .bss.os.mempool.cb$$Limit                 - Undefined Weak Reference
    .bss.os.mutex.cb$$Base                    - Undefined Weak Reference
    .bss.os.mutex.cb$$Limit                   - Undefined Weak Reference
    .bss.os.semaphore.cb$$Base                - Undefined Weak Reference
    .bss.os.semaphore.cb$$Limit               - Undefined Weak Reference
    .bss.os.timer.cb$$Base                    - Undefined Weak Reference
    .bss.os.timer.cb$$Limit                   - Undefined Weak Reference
    __ARM_exceptions_init                     - Undefined Weak Reference
    __alloca_initialize                       - Undefined Weak Reference
    __arm_preinit_                            - Undefined Weak Reference
    __cpp_initialize__aeabi_                  - Undefined Weak Reference
    __cxa_finalize                            - Undefined Weak Reference
    __rt_locale                               - Undefined Weak Reference
    __sigvec_lookup                           - Undefined Weak Reference
    _atexit_init                              - Undefined Weak Reference
    _call_atexit_fns                          - Undefined Weak Reference
    _clock_init                               - Undefined Weak Reference
    _fp_trap_init                             - Undefined Weak Reference
    _fp_trap_shutdown                         - Undefined Weak Reference
    _get_lc_collate                           - Undefined Weak Reference
    _get_lc_ctype                             - Undefined Weak Reference
    _get_lc_monetary                          - Undefined Weak Reference
    _get_lc_numeric                           - Undefined Weak Reference
    _get_lc_time                              - Undefined Weak Reference
    _getenv_init                              - Undefined Weak Reference
    _handle_redirection                       - Undefined Weak Reference
    _init_alloc                               - Undefined Weak Reference
    _init_user_alloc                          - Undefined Weak Reference
    _initio                                   - Undefined Weak Reference
    _rand_init                                - Undefined Weak Reference
    _signal_finish                            - Undefined Weak Reference
    _signal_init                              - Undefined Weak Reference
    _terminate_alloc                          - Undefined Weak Reference
    _terminate_user_alloc                     - Undefined Weak Reference
    _terminateio                              - Undefined Weak Reference
    __Vectors_Size                           0x000000ec   Number         0  startup_stm32f10x_md.o ABSOLUTE
    __Vectors                                0x08000000   Data           4  startup_stm32f10x_md.o(RESET)
    __Vectors_End                            0x080000ec   Data           0  startup_stm32f10x_md.o(RESET)
    __main                                   0x080000ed   Thumb Code     8  __main.o(!!!main)
    __scatterload                            0x080000f5   Thumb Code     0  __scatter.o(!!!scatter)
    __scatterload_rt2                        0x080000f5   Thumb Code    44  __scatter.o(!!!scatter)
    __scatterload_rt2_thumb_only             0x080000f5   Thumb Code     0  __scatter.o(!!!scatter)
    __scatterload_null                       0x08000103   Thumb Code     0  __scatter.o(!!!scatter)
    __scatterload_copy                       0x08000129   Thumb Code    26  __scatter_copy.o(!!handler_copy)
    __scatterload_zeroinit                   0x08000145   Thumb Code    28  __scatter_zi.o(!!handler_zi)
    __rt_lib_init                            0x08000161   Thumb Code     0  libinit.o(.ARM.Collect$$libinit$$00000000)
    __rt_lib_init_alloca_1                   0x08000163   Thumb Code     0  libinit2.o(.ARM.Collect$$libinit$$0000002E)
    __rt_lib_init_argv_1                     0x08000163   Thumb Code     0  libinit2.o(.ARM.Collect$$libinit$$0000002C)
    __rt_lib_init_atexit_1                   0x08000163   Thumb Code     0  libinit2.o(.ARM.Collect$$libinit$$0000001B)
    __rt_lib_init_clock_1                    0x08000163   Thumb Code     0  libinit2.o(.ARM.Collect$$libinit$$00000021)
    __rt_lib_init_cpp_1                      0x08000163   Thumb Code     0  libinit2.o(.ARM.Collect$$libinit$$00000032)
    __rt_lib_init_exceptions_1               0x08000163   Thumb Code     0  libinit2.o(.ARM.Collect$$libinit$$00000030)
    __rt_lib_init_fp_1                       0x08000163   Thumb Code     0  libinit2.o(.ARM.Collect$$libinit$$00000002)
    __rt_lib_init_fp_trap_1                  0x08000163   Thumb Code     0  libinit2.o(.ARM.Collect$$libinit$$0000001F)
    __rt_lib_init_getenv_1                   0x08000163   Thumb Code     0  libinit2.o(.ARM.Collect$$libinit$$00000023)
    __rt_lib_init_heap_1                     0x08000163   Thumb Code     0  libinit2.o(.ARM.Collect$$libinit$$0000000A)
    __rt_lib_init_lc_collate_1               0x08000163   Thumb Code     0  libinit2.o(.ARM.Collect$$libinit$$00000011)
    __rt_lib_init_lc_ctype_1                 0x08000163   Thumb Code     0  libinit2.o(.ARM.Collect$$libinit$$00000013)
    __rt_lib_init_lc_monetary_1              0x08000163   Thumb Code     0  libinit2.o(.ARM.Collect$$libinit$$00000015)
    __rt_lib_init_lc_numeric_1               0x08000163   Thumb Code     0  libinit2.o(.ARM.Collect$$libinit$$00000017)
    __rt_lib_init_lc_time_1                  0x08000163   Thumb Code     0  libinit2.o(.ARM.Collect$$libinit$$00000019)
    __rt_lib_init_preinit_1                  0x08000163   Thumb Code     0  libinit2.o(.ARM.Collect$$libinit$$00000004)
    __rt_lib_init_rand_1                     0x08000163   Thumb Code     0  libinit2.o(.ARM.Collect$$libinit$$0000000E)
    __rt_lib_init_return                     0x08000163   Thumb Code     0  libinit2.o(.ARM.Collect$$libinit$$00000033)
    __rt_lib_init_signal_1                   0x08000163   Thumb Code     0  libinit2.o(.ARM.Collect$$libinit$$0000001D)
    __rt_lib_init_stdio_1                    0x08000163   Thumb Code     0  libinit2.o(.ARM.Collect$$libinit$$00000025)
    __rt_lib_init_user_alloc_1               0x08000163   Thumb Code     0  libinit2.o(.ARM.Collect$$libinit$$0000000C)
    __rt_lib_shutdown                        0x08000165   Thumb Code     0  libshutdown.o(.ARM.Collect$$libshutdown$$00000000)
    __rt_lib_shutdown_cpp_1                  0x08000167   Thumb Code     0  libshutdown2.o(.ARM.Collect$$libshutdown$$00000002)
    __rt_lib_shutdown_fp_trap_1              0x08000167   Thumb Code     0  libshutdown2.o(.ARM.Collect$$libshutdown$$00000007)
    __rt_lib_shutdown_heap_1                 0x08000167   Thumb Code     0  libshutdown2.o(.ARM.Collect$$libshutdown$$0000000F)
    __rt_lib_shutdown_return                 0x08000167   Thumb Code     0  libshutdown2.o(.ARM.Collect$$libshutdown$$00000010)
    __rt_lib_shutdown_signal_1               0x08000167   Thumb Code     0  libshutdown2.o(.ARM.Collect$$libshutdown$$0000000A)
    __rt_lib_shutdown_stdio_1                0x08000167   Thumb Code     0  libshutdown2.o(.ARM.Collect$$libshutdown$$00000004)
    __rt_lib_shutdown_user_alloc_1           0x08000167   Thumb Code     0  libshutdown2.o(.ARM.Collect$$libshutdown$$0000000C)
    __rt_entry                               0x08000169   Thumb Code     0  __rtentry.o(.ARM.Collect$$rtentry$$00000000)
    __rt_entry_presh_1                       0x08000169   Thumb Code     0  __rtentry2.o(.ARM.Collect$$rtentry$$00000002)
    __rt_entry_sh                            0x08000169   Thumb Code     0  __rtentry4.o(.ARM.Collect$$rtentry$$00000004)
    __rt_entry_postsh_1                      0x0800016f   Thumb Code     0  __rtentry2.o(.ARM.Collect$$rtentry$$00000008)
    __rt_entry_li                            0x08000177   Thumb Code     0  __rtentry2.o(.ARM.Collect$$rtentry$$0000000A)
    __rt_entry_main                          0x0800017b   Thumb Code     0  __rtentry2.o(.ARM.Collect$$rtentry$$0000000D)
    __rt_entry_postli_1                      0x0800017b   Thumb Code     0  __rtentry2.o(.ARM.Collect$$rtentry$$0000000C)
    __rt_exit                                0x08000183   Thumb Code     0  rtexit.o(.ARM.Collect$$rtexit$$00000000)
    __rt_exit_ls                             0x08000185   Thumb Code     0  rtexit2.o(.ARM.Collect$$rtexit$$00000003)
    __rt_exit_prels_1                        0x08000185   Thumb Code     0  rtexit2.o(.ARM.Collect$$rtexit$$00000002)
    __rt_exit_exit                           0x08000189   Thumb Code     0  rtexit2.o(.ARM.Collect$$rtexit$$00000004)
    Reset_Handler                            0x08000191   Thumb Code     8  startup_stm32f10x_md.o(.text)
    NMI_Handler                              0x08000199   Thumb Code     2  startup_stm32f10x_md.o(.text)
    HardFault_Handler                        0x0800019b   Thumb Code     2  startup_stm32f10x_md.o(.text)
    MemManage_Handler                        0x0800019d   Thumb Code     2  startup_stm32f10x_md.o(.text)
    BusFault_Handler                         0x0800019f   Thumb Code     2  startup_stm32f10x_md.o(.text)
    UsageFault_Handler                       0x080001a1   Thumb Code     2  startup_stm32f10x_md.o(.text)
    DebugMon_Handler                         0x080001a5   Thumb Code     2  startup_stm32f10x_md.o(.text)
    ADC1_2_IRQHandler                        0x080001ab   Thumb Code     0  startup_stm32f10x_md.o(.text)
    CAN1_RX1_IRQHandler                      0x080001ab   Thumb Code     0  startup_stm32f10x_md.o(.text)
    CAN1_SCE_IRQHandler                      0x080001ab   Thumb Code     0  startup_stm32f10x_md.o(.text)
    DMA1_Channel1_IRQHandler                 0x080001ab   Thumb Code     0  startup_stm32f10x_md.o(.text)
    DMA1_Channel2_IRQHandler                 0x080001ab   Thumb Code     0  startup_stm32f10x_md.o(.text)
    DMA1_Channel3_IRQHandler                 0x080001ab   Thumb Code     0  startup_stm32f10x_md.o(.text)
    DMA1_Channel4_IRQHandler                 0x080001ab   Thumb Code     0  startup_stm32f10x_md.o(.text)
    DMA1_Channel5_IRQHandler                 0x080001ab   Thumb Code     0  startup_stm32f10x_md.o(.text)
    DMA1_Channel6_IRQHandler                 0x080001ab   Thumb Code     0  startup_stm32f10x_md.o(.text)
    DMA1_Channel7_IRQHandler                 0x080001ab   Thumb Code     0  startup_stm32f10x_md.o(.text)
    EXTI0_IRQHandler                         0x080001ab   Thumb Code     0  startup_stm32f10x_md.o(.text)
    EXTI15_10_IRQHandler                     0x080001ab   Thumb Code     0  startup_stm32f10x_md.o(.text)
    EXTI1_IRQHandler                         0x080001ab   Thumb Code     0  startup_stm32f10x_md.o(.text)
    EXTI2_IRQHandler                         0x080001ab   Thumb Code     0  startup_stm32f10x_md.o(.text)
    EXTI3_IRQHandler                         0x080001ab   Thumb Code     0  startup_stm32f10x_md.o(.text)
    EXTI4_IRQHandler                         0x080001ab   Thumb Code     0  startup_stm32f10x_md.o(.text)
    EXTI9_5_IRQHandler                       0x080001ab   Thumb Code     0  startup_stm32f10x_md.o(.text)
    FLASH_IRQHandler                         0x080001ab   Thumb Code     0  startup_stm32f10x_md.o(.text)
    I2C1_ER_IRQHandler                       0x080001ab   Thumb Code     0  startup_stm32f10x_md.o(.text)
    I2C1_EV_IRQHandler                       0x080001ab   Thumb Code     0  startup_stm32f10x_md.o(.text)
    I2C2_ER_IRQHandler                       0x080001ab   Thumb Code     0  startup_stm32f10x_md.o(.text)
    I2C2_EV_IRQHandler                       0x080001ab   Thumb Code     0  startup_stm32f10x_md.o(.text)
    PVD_IRQHandler                           0x080001ab   Thumb Code     0  startup_stm32f10x_md.o(.text)
    RCC_IRQHandler                           0x080001ab   Thumb Code     0  startup_stm32f10x_md.o(.text)
    RTCAlarm_IRQHandler                      0x080001ab   Thumb Code     0  startup_stm32f10x_md.o(.text)
    RTC_IRQHandler                           0x080001ab   Thumb Code     0  startup_stm32f10x_md.o(.text)
    SPI1_IRQHandler                          0x080001ab   Thumb Code     0  startup_stm32f10x_md.o(.text)
    SPI2_IRQHandler                          0x080001ab   Thumb Code     0  startup_stm32f10x_md.o(.text)
    TAMPER_IRQHandler                        0x080001ab   Thumb Code     0  startup_stm32f10x_md.o(.text)
    TIM1_BRK_IRQHandler                      0x080001ab   Thumb Code     0  startup_stm32f10x_md.o(.text)
    TIM1_CC_IRQHandler                       0x080001ab   Thumb Code     0  startup_stm32f10x_md.o(.text)
    TIM1_TRG_COM_IRQHandler                  0x080001ab   Thumb Code     0  startup_stm32f10x_md.o(.text)
    TIM1_UP_IRQHandler                       0x080001ab   Thumb Code     0  startup_stm32f10x_md.o(.text)
    TIM2_IRQHandler                          0x080001ab   Thumb Code     0  startup_stm32f10x_md.o(.text)
    TIM3_IRQHandler                          0x080001ab   Thumb Code     0  startup_stm32f10x_md.o(.text)
    TIM4_IRQHandler                          0x080001ab   Thumb Code     0  startup_stm32f10x_md.o(.text)
    USART1_IRQHandler                        0x080001ab   Thumb Code     0  startup_stm32f10x_md.o(.text)
    USART2_IRQHandler                        0x080001ab   Thumb Code     0  startup_stm32f10x_md.o(.text)
    USART3_IRQHandler                        0x080001ab   Thumb Code     0  startup_stm32f10x_md.o(.text)
    USBWakeUp_IRQHandler                     0x080001ab   Thumb Code     0  startup_stm32f10x_md.o(.text)
    USB_HP_CAN1_TX_IRQHandler                0x080001ab   Thumb Code     0  startup_stm32f10x_md.o(.text)
    USB_LP_CAN1_RX0_IRQHandler               0x080001ab   Thumb Code     0  startup_stm32f10x_md.o(.text)
    WWDG_IRQHandler                          0x080001ab   Thumb Code     0  startup_stm32f10x_md.o(.text)
    __user_initial_stackheap                 0x080001ad   Thumb Code     0  startup_stm32f10x_md.o(.text)
    SVC_Handler                              0x080001d1   Thumb Code   108  irq_cm3.o(.text)
    PendSV_Handler                           0x0800023d   Thumb Code    16  irq_cm3.o(.text)
    SysTick_Handler                          0x0800024d   Thumb Code    16  irq_cm3.o(.text)
    __aeabi_memcpy                           0x08000265   Thumb Code     0  rt_memcpy_v6.o(.text)
    __rt_memcpy                              0x08000265   Thumb Code   138  rt_memcpy_v6.o(.text)
    _memcpy_lastbytes                        0x080002cb   Thumb Code     0  rt_memcpy_v6.o(.text)
    __aeabi_memclr                           0x080002ef   Thumb Code     0  rt_memclr.o(.text)
    __rt_memclr                              0x080002ef   Thumb Code     0  rt_memclr.o(.text)
    _memset                                  0x080002f3   Thumb Code    64  rt_memclr.o(.text)
    __aeabi_memclr4                          0x08000333   Thumb Code     0  rt_memclr_w.o(.text)
    __aeabi_memclr8                          0x08000333   Thumb Code     0  rt_memclr_w.o(.text)
    __rt_memclr_w                            0x08000333   Thumb Code     0  rt_memclr_w.o(.text)
    _memset_w                                0x08000337   Thumb Code    74  rt_memclr_w.o(.text)
    __use_two_region_memory                  0x08000381   Thumb Code     2  heapauxi.o(.text)
    __rt_heap_escrow$2region                 0x08000383   Thumb Code     2  heapauxi.o(.text)
    __rt_heap_expand$2region                 0x08000385   Thumb Code     2  heapauxi.o(.text)
    __aeabi_memcpy4                          0x08000387   Thumb Code     0  rt_memcpy_w.o(.text)
    __aeabi_memcpy8                          0x08000387   Thumb Code     0  rt_memcpy_w.o(.text)
    __rt_memcpy_w                            0x08000387   Thumb Code   100  rt_memcpy_w.o(.text)
    _memcpy_lastbytes_aligned                0x080003cf   Thumb Code     0  rt_memcpy_w.o(.text)
    __user_setup_stackheap                   0x080003eb   Thumb Code    74  sys_stackheap_outer.o(.text)
    exit                                     0x08000435   Thumb Code    18  exit.o(.text)
    __user_libspace                          0x08000449   Thumb Code     8  libspace.o(.text)
    __user_perproc_libspace                  0x08000449   Thumb Code     0  libspace.o(.text)
    _sys_exit                                0x08000451   Thumb Code     8  sys_exit.o(.text)
    __I$use$semihosting                      0x0800045d   Thumb Code     0  use_no_semi.o(.text)
    __use_no_semihosting_swi                 0x0800045d   Thumb Code     2  use_no_semi.o(.text)
    __semihosting_library_function           0x0800045f   Thumb Code     0  indicate_semi.o(.text)
    GPIO_Init                                0x08000461   Thumb Code   176  stm32f10x_gpio.o(.text.GPIO_Init)
    OS_Tick_AcknowledgeIRQ                   0x080005c5   Thumb Code     8  os_systick.o(.text.OS_Tick_AcknowledgeIRQ)
    OS_Tick_Enable                           0x080005cd   Thumb Code    36  os_systick.o(.text.OS_Tick_Enable)
    OS_Tick_GetIRQn                          0x080005f1   Thumb Code     6  os_systick.o(.text.OS_Tick_GetIRQn)
    OS_Tick_Setup                            0x080005f9   Thumb Code    64  os_systick.o(.text.OS_Tick_Setup)
    PWM2                                     0x08000639   Thumb Code    44  main.o(.text.PWM2)
    PWM3                                     0x08000665   Thumb Code    44  main.o(.text.PWM3)
    RCC_APB2PeriphClockCmd                   0x08000691   Thumb Code    24  stm32f10x_rcc.o(.text.RCC_APB2PeriphClockCmd)
    SystemInit                               0x08000771   Thumb Code    86  system_stm32f10x.o(.text.SystemInit)
    _mutex_acquire                           0x08000879   Thumb Code    26  rtx_lib.o(.text._mutex_acquire)
    _mutex_free                              0x08000895   Thumb Code    10  rtx_lib.o(.text._mutex_free)
    _mutex_initialize                        0x080008a1   Thumb Code    32  rtx_lib.o(.text._mutex_initialize)
    _mutex_release                           0x080008c1   Thumb Code    22  rtx_lib.o(.text._mutex_release)
    _platform_post_stackheap_init            0x080008d9   Thumb Code     8  rtx_lib.o(.text._platform_post_stackheap_init)
    checkButtonClick                         0x080008e1   Thumb Code    14  main.o(.text.checkButtonClick)
    initGPIO                                 0x080008f1   Thumb Code   112  main.o(.text.initGPIO)
    main                                     0x08000961   Thumb Code    94  main.o(.text.main)
    osDelay                                  0x080009c1   Thumb Code    36  rtx_delay.o(.text.osDelay)
    osKernelGetState                         0x080009e5   Thumb Code    48  rtx_kernel.o(.text.osKernelGetState)
    osKernelInitialize                       0x08000a15   Thumb Code    44  rtx_kernel.o(.text.osKernelInitialize)
    osKernelStart                            0x08000a41   Thumb Code    36  rtx_kernel.o(.text.osKernelStart)
    osMessageQueueGet                        0x08000a65   Thumb Code   108  rtx_msgqueue.o(.text.osMessageQueueGet)
    osMessageQueueNew                        0x08000ad1   Thumb Code    36  rtx_msgqueue.o(.text.osMessageQueueNew)
    osMessageQueuePut                        0x08000af5   Thumb Code   120  rtx_msgqueue.o(.text.osMessageQueuePut)
    osMutexAcquire                           0x08000b6d   Thumb Code    36  rtx_mutex.o(.text.osMutexAcquire)
    osMutexDelete                            0x08000b91   Thumb Code    36  rtx_mutex.o(.text.osMutexDelete)
    osMutexNew                               0x08000bb5   Thumb Code    36  rtx_mutex.o(.text.osMutexNew)
    osMutexRelease                           0x08000bd9   Thumb Code    36  rtx_mutex.o(.text.osMutexRelease)
    osRtxErrorNotify                         0x08000bfd   Thumb Code     2  rtx_config.o(.text.osRtxErrorNotify)
    osRtxIdleThread                          0x08000c01   Thumb Code     2  rtx_config.o(.text.osRtxIdleThread)
    osRtxKernelPreInit                       0x08000c03   Thumb Code     2  rtx_kernel.o(.text.osRtxKernelPreInit)
    osRtxMemoryAlloc                         0x08000c05   Thumb Code   112  rtx_memory.o(.text.osRtxMemoryAlloc)
    osRtxMemoryFree                          0x08000c75   Thumb Code    70  rtx_memory.o(.text.osRtxMemoryFree)
    osRtxMemoryInit                          0x08000cbb   Thumb Code    60  rtx_memory.o(.text.osRtxMemoryInit)
    osRtxMemoryPoolAlloc                     0x08000cf7   Thumb Code    58  rtx_mempool.o(.text.osRtxMemoryPoolAlloc)
    osRtxMemoryPoolFree                      0x08000d31   Thumb Code    74  rtx_mempool.o(.text.osRtxMemoryPoolFree)
    osRtxMemoryPoolInit                      0x08000d7b   Thumb Code    54  rtx_mempool.o(.text.osRtxMemoryPoolInit)
    osRtxMutexOwnerRelease                   0x08000e6b   Thumb Code    72  rtx_mutex.o(.text.osRtxMutexOwnerRelease)
    osRtxMutexOwnerRestore                   0x08000eb3   Thumb Code    66  rtx_mutex.o(.text.osRtxMutexOwnerRestore)
    osRtxPendSV_Handler                      0x08000ef5   Thumb Code   136  rtx_system.o(.text.osRtxPendSV_Handler)
    osRtxPostProcess                         0x08000f7d   Thumb Code   112  rtx_system.o(.text.osRtxPostProcess)
    osRtxThreadDelayTick                     0x080010c9   Thumb Code    72  rtx_thread.o(.text.osRtxThreadDelayTick)
    osRtxThreadDispatch                      0x08001111   Thumb Code    84  rtx_thread.o(.text.osRtxThreadDispatch)
    osRtxThreadListGet                       0x080011b9   Thumb Code    18  rtx_thread.o(.text.osRtxThreadListGet)
    osRtxThreadListPut                       0x080011cb   Thumb Code    44  rtx_thread.o(.text.osRtxThreadListPut)
    osRtxThreadListRemove                    0x080011f7   Thumb Code    20  rtx_thread.o(.text.osRtxThreadListRemove)
    osRtxThreadListSort                      0x08001217   Thumb Code    38  rtx_thread.o(.text.osRtxThreadListSort)
    osRtxThreadReadyPut                      0x08001265   Thumb Code    16  rtx_thread.o(.text.osRtxThreadReadyPut)
    osRtxThreadRegPtr                        0x08001275   Thumb Code     6  rtx_thread.o(.text.osRtxThreadRegPtr)
    osRtxThreadStackCheck                    0x0800127d   Thumb Code    40  rtx_thread.o(.text.osRtxThreadStackCheck)
    osRtxThreadStartup                       0x080012a5   Thumb Code    56  rtx_thread.o(.text.osRtxThreadStartup)
    osRtxThreadSwitch                        0x080012dd   Thumb Code    12  rtx_thread.o(.text.osRtxThreadSwitch)
    osRtxThreadWaitEnter                     0x080012e9   Thumb Code    56  rtx_thread.o(.text.osRtxThreadWaitEnter)
    osRtxThreadWaitExit                      0x08001321   Thumb Code    36  rtx_thread.o(.text.osRtxThreadWaitExit)
    osRtxTick_Handler                        0x08001345   Thumb Code   112  rtx_system.o(.text.osRtxTick_Handler)
    osRtxTimerThread                         0x080013b5   Thumb Code    56  rtx_timer.o(.text.osRtxTimerThread)
    osThreadExit                             0x08001441   Thumb Code    12  rtx_thread.o(.text.osThreadExit)
    osThreadFlagsSet                         0x0800144d   Thumb Code    88  rtx_thread.o(.text.osThreadFlagsSet)
    osThreadFlagsWait                        0x080014a5   Thumb Code    36  rtx_thread.o(.text.osThreadFlagsWait)
    osThreadNew                              0x080014c9   Thumb Code    36  rtx_thread.o(.text.osThreadNew)
    thread1                                  0x08001f19   Thumb Code    60  main.o(.text.thread1)
    thread2                                  0x08001f55   Thumb Code    56  main.o(.text.thread2)
    thread3                                  0x08001f8d   Thumb Code    52  main.o(.text.thread3)
    osRtxConfig                              0x08001fc0   Data         104  rtx_lib.o(.rodata)
    os_cb_sections                           0x08002028   Data          56  rtx_lib.o(.rodata)
    osRtxUserSVC                             0x08002060   Data           4  rtx_lib.o(.rodata.osRtxUserSVC)
    Region$$Table$$Base                      0x080020d0   Number         0  anon$$obj.o(Region$$Table)
    Region$$Table$$Limit                     0x080020f0   Number         0  anon$$obj.o(Region$$Table)
    SystemCoreClock                          0x20000000   Data           4  system_stm32f10x.o(.data.SystemCoreClock)
    osRtxInfo                                0x20000004   Data         164  rtx_kernel.o(.data.os)
    __libspace_start                         0x200000a8   Data          96  libspace.o(.bss)
    __temporary_stack_top$libspace           0x20000108   Data           0  libspace.o(.bss)
    flagsSet2                                0x2000010c   Data           4  main.o(.bss.flagsSet2)
    flagsSet3                                0x20000110   Data           4  main.o(.bss.flagsSet3)
    flagsWait2                               0x20000114   Data           4  main.o(.bss.flagsWait2)
    flagsWait3                               0x20000118   Data           4  main.o(.bss.flagsWait3)
    .bss.os.msgqueue.cb$$Base                0x20008160   Number         0  rtx_lib.o(.bss.os.msgqueue.cb)
    .bss.os.msgqueue.cb$$Limit               0x20008194   Number         0  rtx_lib.o(.bss.os.msgqueue.cb)
    .bss.os.thread.cb$$Base                  0x200081e4   Number         0  rtx_lib.o(.bss.os.thread.cb)
    .bss.os.thread.cb$$Limit                 0x2000826c   Number         0  rtx_lib.o(.bss.os.thread.cb)
    t1                                       0x20008674   Data           4  main.o(.bss.t1)
    t2                                       0x20008678   Data           4  main.o(.bss.t2)
    t3                                       0x2000867c   Data           4  main.o(.bss.t3)



==============================================================================

Memory Map of the image

  Image Entry point : 0x08000191

  Load Region LR_1 (Base: 0x08000000, Size: 0x00002198, Max: 0xffffffff, ABSOLUTE)

    Execution Region ER_RO (Exec base: 0x08000000, Load base: 0x08000000, Size: 0x000020f0, Max: 0xffffffff, ABSOLUTE)

    Exec Addr    Load Addr    Size         Type   Attr      Idx    E Section Name        Object

    0x08000000   0x08000000   0x000000ec   Data   RO          407    RESET               startup_stm32f10x_md.o
    0x080000ec   0x080000ec   0x00000008   Code   RO          910  * !!!main             c_w.l(__main.o)
    0x080000f4   0x080000f4   0x00000034   Code   RO         1073    !!!scatter          c_w.l(__scatter.o)
    0x08000128   0x08000128   0x0000001a   Code   RO         1075    !!handler_copy      c_w.l(__scatter_copy.o)
    0x08000142   0x08000142   0x00000002   PAD
    0x08000144   0x08000144   0x0000001c   Code   RO         1077    !!handler_zi        c_w.l(__scatter_zi.o)
    0x08000160   0x08000160   0x00000002   Code   RO          937    .ARM.Collect$$libinit$$00000000  c_w.l(libinit.o)
    0x08000162   0x08000162   0x00000000   Code   RO          944    .ARM.Collect$$libinit$$00000002  c_w.l(libinit2.o)
    0x08000162   0x08000162   0x00000000   Code   RO          946    .ARM.Collect$$libinit$$00000004  c_w.l(libinit2.o)
    0x08000162   0x08000162   0x00000000   Code   RO          949    .ARM.Collect$$libinit$$0000000A  c_w.l(libinit2.o)
    0x08000162   0x08000162   0x00000000   Code   RO          951    .ARM.Collect$$libinit$$0000000C  c_w.l(libinit2.o)
    0x08000162   0x08000162   0x00000000   Code   RO          953    .ARM.Collect$$libinit$$0000000E  c_w.l(libinit2.o)
    0x08000162   0x08000162   0x00000000   Code   RO          956    .ARM.Collect$$libinit$$00000011  c_w.l(libinit2.o)
    0x08000162   0x08000162   0x00000000   Code   RO          958    .ARM.Collect$$libinit$$00000013  c_w.l(libinit2.o)
    0x08000162   0x08000162   0x00000000   Code   RO          960    .ARM.Collect$$libinit$$00000015  c_w.l(libinit2.o)
    0x08000162   0x08000162   0x00000000   Code   RO          962    .ARM.Collect$$libinit$$00000017  c_w.l(libinit2.o)
    0x08000162   0x08000162   0x00000000   Code   RO          964    .ARM.Collect$$libinit$$00000019  c_w.l(libinit2.o)
    0x08000162   0x08000162   0x00000000   Code   RO          966    .ARM.Collect$$libinit$$0000001B  c_w.l(libinit2.o)
    0x08000162   0x08000162   0x00000000   Code   RO          968    .ARM.Collect$$libinit$$0000001D  c_w.l(libinit2.o)
    0x08000162   0x08000162   0x00000000   Code   RO          970    .ARM.Collect$$libinit$$0000001F  c_w.l(libinit2.o)
    0x08000162   0x08000162   0x00000000   Code   RO          972    .ARM.Collect$$libinit$$00000021  c_w.l(libinit2.o)
    0x08000162   0x08000162   0x00000000   Code   RO          974    .ARM.Collect$$libinit$$00000023  c_w.l(libinit2.o)
    0x08000162   0x08000162   0x00000000   Code   RO          976    .ARM.Collect$$libinit$$00000025  c_w.l(libinit2.o)
    0x08000162   0x08000162   0x00000000   Code   RO          980    .ARM.Collect$$libinit$$0000002C  c_w.l(libinit2.o)
    0x08000162   0x08000162   0x00000000   Code   RO          982    .ARM.Collect$$libinit$$0000002E  c_w.l(libinit2.o)
    0x08000162   0x08000162   0x00000000   Code   RO          984    .ARM.Collect$$libinit$$00000030  c_w.l(libinit2.o)
    0x08000162   0x08000162   0x00000000   Code   RO          986    .ARM.Collect$$libinit$$00000032  c_w.l(libinit2.o)
    0x08000162   0x08000162   0x00000002   Code   RO          987    .ARM.Collect$$libinit$$00000033  c_w.l(libinit2.o)
    0x08000164   0x08000164   0x00000002   Code   RO         1009    .ARM.Collect$$libshutdown$$00000000  c_w.l(libshutdown.o)
    0x08000166   0x08000166   0x00000000   Code   RO         1024    .ARM.Collect$$libshutdown$$00000002  c_w.l(libshutdown2.o)
    0x08000166   0x08000166   0x00000000   Code   RO         1026    .ARM.Collect$$libshutdown$$00000004  c_w.l(libshutdown2.o)
    0x08000166   0x08000166   0x00000000   Code   RO         1029    .ARM.Collect$$libshutdown$$00000007  c_w.l(libshutdown2.o)
    0x08000166   0x08000166   0x00000000   Code   RO         1032    .ARM.Collect$$libshutdown$$0000000A  c_w.l(libshutdown2.o)
    0x08000166   0x08000166   0x00000000   Code   RO         1034    .ARM.Collect$$libshutdown$$0000000C  c_w.l(libshutdown2.o)
    0x08000166   0x08000166   0x00000000   Code   RO         1037    .ARM.Collect$$libshutdown$$0000000F  c_w.l(libshutdown2.o)
    0x08000166   0x08000166   0x00000002   Code   RO         1038    .ARM.Collect$$libshutdown$$00000010  c_w.l(libshutdown2.o)
    0x08000168   0x08000168   0x00000000   Code   RO          912    .ARM.Collect$$rtentry$$00000000  c_w.l(__rtentry.o)
    0x08000168   0x08000168   0x00000000   Code   RO          916    .ARM.Collect$$rtentry$$00000002  c_w.l(__rtentry2.o)
    0x08000168   0x08000168   0x00000006   Code   RO          928    .ARM.Collect$$rtentry$$00000004  c_w.l(__rtentry4.o)
    0x0800016e   0x0800016e   0x00000008   Code   RO          917    .ARM.Collect$$rtentry$$00000008  c_w.l(__rtentry2.o)
    0x08000176   0x08000176   0x00000004   Code   RO          919    .ARM.Collect$$rtentry$$0000000A  c_w.l(__rtentry2.o)
    0x0800017a   0x0800017a   0x00000000   Code   RO          921    .ARM.Collect$$rtentry$$0000000C  c_w.l(__rtentry2.o)
    0x0800017a   0x0800017a   0x00000008   Code   RO          922    .ARM.Collect$$rtentry$$0000000D  c_w.l(__rtentry2.o)
    0x08000182   0x08000182   0x00000002   Code   RO          941    .ARM.Collect$$rtexit$$00000000  c_w.l(rtexit.o)
    0x08000184   0x08000184   0x00000000   Code   RO          989    .ARM.Collect$$rtexit$$00000002  c_w.l(rtexit2.o)
    0x08000184   0x08000184   0x00000004   Code   RO          990    .ARM.Collect$$rtexit$$00000003  c_w.l(rtexit2.o)
    0x08000188   0x08000188   0x00000006   Code   RO          991    .ARM.Collect$$rtexit$$00000004  c_w.l(rtexit2.o)
    0x0800018e   0x0800018e   0x00000002   PAD
    0x08000190   0x08000190   0x00000040   Code   RO          408  * .text               startup_stm32f10x_md.o
    0x080001d0   0x080001d0   0x00000094   Code   RO          687    .text               RTX_CM3.lib(irq_cm3.o)
    0x08000264   0x08000264   0x0000008a   Code   RO          902    .text               c_w.l(rt_memcpy_v6.o)
    0x080002ee   0x080002ee   0x00000044   Code   RO          904    .text               c_w.l(rt_memclr.o)
    0x08000332   0x08000332   0x0000004e   Code   RO          906    .text               c_w.l(rt_memclr_w.o)
    0x08000380   0x08000380   0x00000006   Code   RO          908    .text               c_w.l(heapauxi.o)
    0x08000386   0x08000386   0x00000064   Code   RO          913    .text               c_w.l(rt_memcpy_w.o)
    0x080003ea   0x080003ea   0x0000004a   Code   RO          930    .text               c_w.l(sys_stackheap_outer.o)
    0x08000434   0x08000434   0x00000012   Code   RO          932    .text               c_w.l(exit.o)
    0x08000446   0x08000446   0x00000002   PAD
    0x08000448   0x08000448   0x00000008   Code   RO          938    .text               c_w.l(libspace.o)
    0x08000450   0x08000450   0x0000000c   Code   RO          999    .text               c_w.l(sys_exit.o)
    0x0800045c   0x0800045c   0x00000002   Code   RO         1014    .text               c_w.l(use_no_semi.o)
    0x0800045e   0x0800045e   0x00000000   Code   RO         1016    .text               c_w.l(indicate_semi.o)
    0x0800045e   0x0800045e   0x00000002   PAD
    0x08000460   0x08000460   0x000000b0   Code   RO          102    .text.GPIO_Init     stm32f10x_gpio.o
    0x08000510   0x08000510   0x00000040   Code   RO          884    .text.MessageQueueGet  RTX_CM3.lib(rtx_msgqueue.o)
    0x08000550   0x08000550   0x00000058   Code   RO          878    .text.MessageQueuePut  RTX_CM3.lib(rtx_msgqueue.o)
    0x080005a8   0x080005a8   0x0000001c   Code   RO          876    .text.MessageQueueRemove  RTX_CM3.lib(rtx_msgqueue.o)
    0x080005c4   0x080005c4   0x00000008   Code   RO          822    .text.OS_Tick_AcknowledgeIRQ  RTX_CM3.lib(os_systick.o)
    0x080005cc   0x080005cc   0x00000024   Code   RO          818    .text.OS_Tick_Enable  RTX_CM3.lib(os_systick.o)
    0x080005f0   0x080005f0   0x00000006   Code   RO          824    .text.OS_Tick_GetIRQn  RTX_CM3.lib(os_systick.o)
    0x080005f6   0x080005f6   0x00000002   PAD
    0x080005f8   0x080005f8   0x00000040   Code   RO          816    .text.OS_Tick_Setup  RTX_CM3.lib(os_systick.o)
    0x08000638   0x08000638   0x0000002c   Code   RO           14    .text.PWM2          main.o
    0x08000664   0x08000664   0x0000002c   Code   RO           16    .text.PWM3          main.o
    0x08000690   0x08000690   0x00000018   Code   RO          186    .text.RCC_APB2PeriphClockCmd  stm32f10x_rcc.o
    0x080006a8   0x080006a8   0x00000008   Code   RO          417    .text.SetSysClock   system_stm32f10x.o
    0x080006b0   0x080006b0   0x000000be   Code   RO          421    .text.SetSysClockTo72  system_stm32f10x.o
    0x0800076e   0x0800076e   0x00000002   PAD
    0x08000770   0x08000770   0x00000056   Code   RO          415    .text.SystemInit    system_stm32f10x.o
    0x080007c6   0x080007c6   0x0000006e   Code   RO          580    .text.ThreadFlagsCheck  RTX_CM3.lib(rtx_thread.o)
    0x08000834   0x08000834   0x00000044   Code   RO          708    .text.TimerInsert   RTX_CM3.lib(rtx_timer.o)
    0x08000878   0x08000878   0x0000001a   Code   RO           42    .text._mutex_acquire  rtx_lib.o
    0x08000892   0x08000892   0x00000002   PAD
    0x08000894   0x08000894   0x0000000a   Code   RO           46    .text._mutex_free   rtx_lib.o
    0x0800089e   0x0800089e   0x00000002   PAD
    0x080008a0   0x080008a0   0x00000020   Code   RO           40    .text._mutex_initialize  rtx_lib.o
    0x080008c0   0x080008c0   0x00000016   Code   RO           44    .text._mutex_release  rtx_lib.o
    0x080008d6   0x080008d6   0x00000002   PAD
    0x080008d8   0x080008d8   0x00000008   Code   RO           34    .text._platform_post_stackheap_init  rtx_lib.o
    0x080008e0   0x080008e0   0x0000000e   Code   RO           12    .text.checkButtonClick  main.o
    0x080008ee   0x080008ee   0x00000002   PAD
    0x080008f0   0x080008f0   0x00000070   Code   RO            4    .text.initGPIO      main.o
    0x08000960   0x08000960   0x0000005e   Code   RO            2    .text.main          main.o
    0x080009be   0x080009be   0x00000002   PAD
    0x080009c0   0x080009c0   0x00000024   Code   RO          633    .text.osDelay       RTX_CM3.lib(rtx_delay.o)
    0x080009e4   0x080009e4   0x00000030   Code   RO          441    .text.osKernelGetState  RTX_CM3.lib(rtx_kernel.o)
    0x08000a14   0x08000a14   0x0000002c   Code   RO          435    .text.osKernelInitialize  RTX_CM3.lib(rtx_kernel.o)
    0x08000a40   0x08000a40   0x00000024   Code   RO          445    .text.osKernelStart  RTX_CM3.lib(rtx_kernel.o)
    0x08000a64   0x08000a64   0x0000006c   Code   RO          850    .text.osMessageQueueGet  RTX_CM3.lib(rtx_msgqueue.o)
    0x08000ad0   0x08000ad0   0x00000024   Code   RO          844    .text.osMessageQueueNew  RTX_CM3.lib(rtx_msgqueue.o)
    0x08000af4   0x08000af4   0x00000078   Code   RO          848    .text.osMessageQueuePut  RTX_CM3.lib(rtx_msgqueue.o)
    0x08000b6c   0x08000b6c   0x00000024   Code   RO          658    .text.osMutexAcquire  RTX_CM3.lib(rtx_mutex.o)
    0x08000b90   0x08000b90   0x00000024   Code   RO          664    .text.osMutexDelete  RTX_CM3.lib(rtx_mutex.o)
    0x08000bb4   0x08000bb4   0x00000024   Code   RO          654    .text.osMutexNew    RTX_CM3.lib(rtx_mutex.o)
    0x08000bd8   0x08000bd8   0x00000024   Code   RO          660    .text.osMutexRelease  RTX_CM3.lib(rtx_mutex.o)
    0x08000bfc   0x08000bfc   0x00000002   Code   RO           71    .text.osRtxErrorNotify  rtx_config.o
    0x08000bfe   0x08000bfe   0x00000002   PAD
    0x08000c00   0x08000c00   0x00000002   Code   RO           69    .text.osRtxIdleThread  rtx_config.o
    0x08000c02   0x08000c02   0x00000002   Code   RO          433    .text.osRtxKernelPreInit  RTX_CM3.lib(rtx_kernel.o)
    0x08000c04   0x08000c04   0x00000070   Code   RO          735    .text.osRtxMemoryAlloc  RTX_CM3.lib(rtx_memory.o)
    0x08000c74   0x08000c74   0x00000046   Code   RO          737    .text.osRtxMemoryFree  RTX_CM3.lib(rtx_memory.o)
    0x08000cba   0x08000cba   0x0000003c   Code   RO          733    .text.osRtxMemoryInit  RTX_CM3.lib(rtx_memory.o)
    0x08000cf6   0x08000cf6   0x0000003a   Code   RO          750    .text.osRtxMemoryPoolAlloc  RTX_CM3.lib(rtx_mempool.o)
    0x08000d30   0x08000d30   0x0000004a   Code   RO          752    .text.osRtxMemoryPoolFree  RTX_CM3.lib(rtx_mempool.o)
    0x08000d7a   0x08000d7a   0x00000036   Code   RO          748    .text.osRtxMemoryPoolInit  RTX_CM3.lib(rtx_mempool.o)
    0x08000db0   0x08000db0   0x000000ba   Code   RO          874    .text.osRtxMessageQueuePostProcess  RTX_CM3.lib(rtx_msgqueue.o)
    0x08000e6a   0x08000e6a   0x00000048   Code   RO          650    .text.osRtxMutexOwnerRelease  RTX_CM3.lib(rtx_mutex.o)
    0x08000eb2   0x08000eb2   0x00000042   Code   RO          652    .text.osRtxMutexOwnerRestore  RTX_CM3.lib(rtx_mutex.o)
    0x08000ef4   0x08000ef4   0x00000088   Code   RO          803    .text.osRtxPendSV_Handler  RTX_CM3.lib(rtx_system.o)
    0x08000f7c   0x08000f7c   0x00000070   Code   RO          805    .text.osRtxPostProcess  RTX_CM3.lib(rtx_system.o)
    0x08000fec   0x08000fec   0x00000034   Code   RO          520    .text.osRtxThreadBlock  RTX_CM3.lib(rtx_thread.o)
    0x08001020   0x08001020   0x00000070   Code   RO          528    .text.osRtxThreadDelayInsert  RTX_CM3.lib(rtx_thread.o)
    0x08001090   0x08001090   0x00000038   Code   RO          524    .text.osRtxThreadDelayRemove  RTX_CM3.lib(rtx_thread.o)
    0x080010c8   0x080010c8   0x00000048   Code   RO          508    .text.osRtxThreadDelayTick  RTX_CM3.lib(rtx_thread.o)
    0x08001110   0x08001110   0x00000054   Code   RO          518    .text.osRtxThreadDispatch  RTX_CM3.lib(rtx_thread.o)
    0x08001164   0x08001164   0x00000054   Code   RO          604    .text.osRtxThreadFree  RTX_CM3.lib(rtx_thread.o)
    0x080011b8   0x080011b8   0x00000012   Code   RO          500    .text.osRtxThreadListGet  RTX_CM3.lib(rtx_thread.o)
    0x080011ca   0x080011ca   0x0000002c   Code   RO          498    .text.osRtxThreadListPut  RTX_CM3.lib(rtx_thread.o)
    0x080011f6   0x080011f6   0x00000014   Code   RO          504    .text.osRtxThreadListRemove  RTX_CM3.lib(rtx_thread.o)
    0x0800120a   0x0800120a   0x0000000c   Code   RO          510    .text.osRtxThreadListRoot  RTX_CM3.lib(rtx_thread.o)
    0x08001216   0x08001216   0x00000026   Code   RO          502    .text.osRtxThreadListSort  RTX_CM3.lib(rtx_thread.o)
    0x0800123c   0x0800123c   0x00000028   Code   RO          578    .text.osRtxThreadPostProcess  RTX_CM3.lib(rtx_thread.o)
    0x08001264   0x08001264   0x00000010   Code   RO          506    .text.osRtxThreadReadyPut  RTX_CM3.lib(rtx_thread.o)
    0x08001274   0x08001274   0x00000006   Code   RO          512    .text.osRtxThreadRegPtr  RTX_CM3.lib(rtx_thread.o)
    0x0800127a   0x0800127a   0x00000002   PAD
    0x0800127c   0x0800127c   0x00000028   Code   RO          516    .text.osRtxThreadStackCheck  RTX_CM3.lib(rtx_thread.o)
    0x080012a4   0x080012a4   0x00000038   Code   RO          530    .text.osRtxThreadStartup  RTX_CM3.lib(rtx_thread.o)
    0x080012dc   0x080012dc   0x0000000c   Code   RO          514    .text.osRtxThreadSwitch  RTX_CM3.lib(rtx_thread.o)
    0x080012e8   0x080012e8   0x00000038   Code   RO          526    .text.osRtxThreadWaitEnter  RTX_CM3.lib(rtx_thread.o)
    0x08001320   0x08001320   0x00000024   Code   RO          522    .text.osRtxThreadWaitExit  RTX_CM3.lib(rtx_thread.o)
    0x08001344   0x08001344   0x00000070   Code   RO          801    .text.osRtxTick_Handler  RTX_CM3.lib(rtx_system.o)
    0x080013b4   0x080013b4   0x00000038   Code   RO          692    .text.osRtxTimerThread  RTX_CM3.lib(rtx_timer.o)
    0x080013ec   0x080013ec   0x00000054   Code   RO          694    .text.osRtxTimerTick  RTX_CM3.lib(rtx_timer.o)
    0x08001440   0x08001440   0x0000000c   Code   RO          562    .text.osThreadExit  RTX_CM3.lib(rtx_thread.o)
    0x0800144c   0x0800144c   0x00000058   Code   RO          570    .text.osThreadFlagsSet  RTX_CM3.lib(rtx_thread.o)
    0x080014a4   0x080014a4   0x00000024   Code   RO          576    .text.osThreadFlagsWait  RTX_CM3.lib(rtx_thread.o)
    0x080014c8   0x080014c8   0x00000024   Code   RO          534    .text.osThreadNew   RTX_CM3.lib(rtx_thread.o)
    0x080014ec   0x080014ec   0x0000001e   Code   RO           38    .text.os_kernel_is_active  rtx_lib.o
    0x0800150a   0x0800150a   0x00000014   Code   RO          637    .text.svcRtxDelay   RTX_CM3.lib(rtx_delay.o)
    0x0800151e   0x0800151e   0x00000002   PAD
    0x08001520   0x08001520   0x0000000c   Code   RO          443    .text.svcRtxKernelGetState  RTX_CM3.lib(rtx_kernel.o)
    0x0800152c   0x0800152c   0x00000150   Code   RO          473    .text.svcRtxKernelInitialize  RTX_CM3.lib(rtx_kernel.o)
    0x0800167c   0x0800167c   0x00000088   Code   RO          475    .text.svcRtxKernelStart  RTX_CM3.lib(rtx_kernel.o)
    0x08001704   0x08001704   0x000000e0   Code   RO          886    .text.svcRtxMessageQueueGet  RTX_CM3.lib(rtx_msgqueue.o)
    0x080017e4   0x080017e4   0x00000130   Code   RO          872    .text.svcRtxMessageQueueNew  RTX_CM3.lib(rtx_msgqueue.o)
    0x08001914   0x08001914   0x000000bc   Code   RO          882    .text.svcRtxMessageQueuePut  RTX_CM3.lib(rtx_msgqueue.o)
    0x080019d0   0x080019d0   0x00000094   Code   RO          670    .text.svcRtxMutexAcquire  RTX_CM3.lib(rtx_mutex.o)
    0x08001a64   0x08001a64   0x000000ac   Code   RO          676    .text.svcRtxMutexDelete  RTX_CM3.lib(rtx_mutex.o)
    0x08001b10   0x08001b10   0x00000068   Code   RO          666    .text.svcRtxMutexNew  RTX_CM3.lib(rtx_mutex.o)
    0x08001b78   0x08001b78   0x000000b4   Code   RO          672    .text.svcRtxMutexRelease  RTX_CM3.lib(rtx_mutex.o)
    0x08001c2c   0x08001c2c   0x00000068   Code   RO          608    .text.svcRtxThreadExit  RTX_CM3.lib(rtx_thread.o)
    0x08001c94   0x08001c94   0x00000066   Code   RO          616    .text.svcRtxThreadFlagsSet  RTX_CM3.lib(rtx_thread.o)
    0x08001cfa   0x08001cfa   0x00000002   PAD
    0x08001cfc   0x08001cfc   0x0000004c   Code   RO          622    .text.svcRtxThreadFlagsWait  RTX_CM3.lib(rtx_thread.o)
    0x08001d48   0x08001d48   0x000001d0   Code   RO          532    .text.svcRtxThreadNew  RTX_CM3.lib(rtx_thread.o)
    0x08001f18   0x08001f18   0x0000003c   Code   RO            6    .text.thread1       main.o
    0x08001f54   0x08001f54   0x00000038   Code   RO            8    .text.thread2       main.o
    0x08001f8c   0x08001f8c   0x00000034   Code   RO           10    .text.thread3       main.o
    0x08001fc0   0x08001fc0   0x000000a0   Data   RO           52    .rodata             rtx_lib.o
    0x08002060   0x08002060   0x00000004   Data   RO           54    .rodata.osRtxUserSVC  rtx_lib.o
    0x08002064   0x08002064   0x00000024   Data   RO           49    .rodata.os_idle_thread_attr  rtx_lib.o
    0x08002088   0x08002088   0x00000018   Data   RO           51    .rodata.os_timer_mq_attr  rtx_lib.o
    0x080020a0   0x080020a0   0x00000024   Data   RO           50    .rodata.os_timer_thread_attr  rtx_lib.o
    0x080020c4   0x080020c4   0x0000000b   Data   RO          487    .rodata.str1.4      RTX_CM3.lib(rtx_kernel.o)
    0x080020cf   0x080020cf   0x00000001   PAD
    0x080020d0   0x080020d0   0x00000020   Data   RO         1072    Region$$Table       anon$$obj.o


    Execution Region ER_RW (Exec base: 0x20000000, Load base: 0x080020f0, Size: 0x000000a8, Max: 0xffffffff, ABSOLUTE)

    Exec Addr    Load Addr    Size         Type   Attr      Idx    E Section Name        Object

    0x20000000   0x080020f0   0x00000004   Data   RW          423    .data.SystemCoreClock  system_stm32f10x.o
    0x20000004   0x080020f4   0x000000a4   Data   RW          488    .data.os            RTX_CM3.lib(rtx_kernel.o)


    Execution Region ER_ZI (Exec base: 0x200000a8, Load base: 0x08002198, Size: 0x00008bd8, Max: 0xffffffff, ABSOLUTE)

    Exec Addr    Load Addr    Size         Type   Attr      Idx    E Section Name        Object

    0x200000a8        -       0x00000060   Zero   RW          939    .bss                c_w.l(libspace.o)
    0x20000108        -       0x00000001   Zero   RW          834    .bss.PendST         RTX_CM3.lib(os_systick.o)
    0x20000109   0x08002198   0x00000003   PAD
    0x2000010c        -       0x00000004   Zero   RW           21    .bss.flagsSet2      main.o
    0x20000110        -       0x00000004   Zero   RW           22    .bss.flagsSet3      main.o
    0x20000114        -       0x00000004   Zero   RW           23    .bss.flagsWait2     main.o
    0x20000118        -       0x00000004   Zero   RW           24    .bss.flagsWait3     main.o
    0x2000011c   0x08002198   0x00000004   PAD
    0x20000120        -       0x00008040   Zero   RW           48    .bss.os             rtx_lib.o
    0x20008160        -       0x00000034   Zero   RW           58    .bss.os.msgqueue.cb  rtx_lib.o
    0x20008194        -       0x00000050   Zero   RW           59    .bss.os.msgqueue.mem  rtx_lib.o
    0x200081e4        -       0x00000088   Zero   RW           56    .bss.os.thread.cb   rtx_lib.o
    0x2000826c   0x08002198   0x00000004   PAD
    0x20008270        -       0x00000400   Zero   RW           57    .bss.os.thread.stack  rtx_lib.o
    0x20008670        -       0x00000001   Zero   RW           60    .bss.os_kernel_is_active.os_kernel_active  rtx_lib.o
    0x20008671   0x08002198   0x00000003   PAD
    0x20008674        -       0x00000004   Zero   RW           18    .bss.t1             main.o
    0x20008678        -       0x00000004   Zero   RW           19    .bss.t2             main.o
    0x2000867c        -       0x00000004   Zero   RW           20    .bss.t3             main.o
    0x20008680        -       0x00000200   Zero   RW          406    HEAP                startup_stm32f10x_md.o
    0x20008880        -       0x00000400   Zero   RW          405    STACK               startup_stm32f10x_md.o


==============================================================================

Image component sizes


      Code (inc. data)   RO Data    RW Data    ZI Data      Debug   Object Name

       476          0          0          0         28       3128   main.o
         4          0          0          0          0        650   rtx_config.o
       128          0        260          0      34125       7063   rtx_lib.o
        64         26        236          0       1536        800   startup_stm32f10x_md.o
       176          0          0          0          0       5962   stm32f10x_gpio.o
        24          0          0          0          0       7842   stm32f10x_rcc.o
       284          0          0          4          0       2735   system_stm32f10x.o

    ----------------------------------------------------------------------
      1170         26        528          4      35700      28180   Object Totals
         0          0         32          0          0          0   (incl. Generated)
        14          0          0          0         11          0   (incl. Padding)

    ----------------------------------------------------------------------

      Code (inc. data)   RO Data    RW Data    ZI Data      Debug   Library Member Name

       148         10          0          0          0        488   irq_cm3.o
       114         20          0          0          1       3105   os_systick.o
        56          4          0          0          0       2854   rtx_delay.o
       614         48         11        164          0      17231   rtx_kernel.o
       242          0          0          0          0       2478   rtx_memory.o
       186          0          0          0          0      16576   rtx_mempool.o
      1346         24          0          0          0      18694   rtx_msgqueue.o
       886         28          0          0          0      10004   rtx_mutex.o
       360         18          0          0          0       5437   rtx_system.o
      1882         64          0          0          0      32739   rtx_thread.o
       208         12          0          0          0      10445   rtx_timer.o
         8          0          0          0          0         68   __main.o
         0          0          0          0          0          0   __rtentry.o
        20          0          0          0          0          0   __rtentry2.o
         6          0          0          0          0          0   __rtentry4.o
        52          8          0          0          0          0   __scatter.o
        26          0          0          0          0          0   __scatter_copy.o
        28          0          0          0          0          0   __scatter_zi.o
        18          0          0          0          0         80   exit.o
         6          0          0          0          0        152   heapauxi.o
         0          0          0          0          0          0   indicate_semi.o
         2          0          0          0          0          0   libinit.o
         2          0          0          0          0          0   libinit2.o
         2          0          0          0          0          0   libshutdown.o
         2          0          0          0          0          0   libshutdown2.o
         8          4          0          0         96         68   libspace.o
        68          0          0          0          0         68   rt_memclr.o
        78          0          0          0          0         80   rt_memclr_w.o
       138          0          0          0          0         68   rt_memcpy_v6.o
       100          0          0          0          0         80   rt_memcpy_w.o
         2          0          0          0          0          0   rtexit.o
        10          0          0          0          0          0   rtexit2.o
        12          4          0          0          0         68   sys_exit.o
        74          0          0          0          0         80   sys_stackheap_outer.o
         2          0          0          0          0         68   use_no_semi.o

    ----------------------------------------------------------------------
      6722        244         12        164        100     120931   Library Totals
        16          0          1          0          3          0   (incl. Padding)

    ----------------------------------------------------------------------

      Code (inc. data)   RO Data    RW Data    ZI Data      Debug   Library Name

      6042        228         11        164          1     120051   RTX_CM3.lib
       664         16          0          0         96        880   c_w.l

    ----------------------------------------------------------------------
      6722        244         12        164        100     120931   Library Totals

    ----------------------------------------------------------------------

==============================================================================


      Code (inc. data)   RO Data    RW Data    ZI Data      Debug   

      7892        270        540        168      35800     148503   Grand Totals
      7892        270        540        168      35800     148503   ELF Image Totals
      7892        270        540        168          0          0   ROM Totals

==============================================================================

    Total RO  Size (Code + RO Data)                 8432 (   8.23kB)
    Total RW  Size (RW Data + ZI Data)             35968 (  35.13kB)
    Total ROM Size (Code + RO Data + RW Data)       8600 (   8.40kB)

==============================================================================

