<html>
<body>
<pre>
<h1>µVision Build Log</h1>
<h2>Tool Versions:</h2>
IDE-Version: µVision V5.34.0.0
Copyright (C) 2021 ARM Ltd and ARM Germany GmbH. All rights reserved.
License Information: C@H9 Hapan9, none, LIC=----
 
Tool Versions:
Toolchain:       MDK-Lite  Version: 5.34.0.0
Toolchain Path:  D:\keli\core\ARM\ARMCLANG\Bin
C Compiler:      ArmClang.exe V6.16
Assembler:       Armasm.exe V6.16
Linker/Locator:  ArmLink.exe V6.16
Library Manager: ArmAr.exe V6.16
Hex Converter:   FromElf.exe V6.16
CPU DLL:         SARMCM3.DLL V5.34.0.0
Dialog DLL:      DCM.DLL V1.17.3.0
Target DLL:      UL2CM3.DLL V1.163.9.0
Dialog DLL:      TCM.DLL V1.48.0.0
 
<h2>Project:</h2>
D:\keli_proj\lab_5\lab5.uvprojx
Project File Date:  05/26/2021

<h2>Output:</h2>
*** Using Compiler 'V6.16', folder: 'D:\keli\core\ARM\ARMCLANG\Bin'
Build target 'Target 1'
main.c(1): warning: In file included from...
./main.h(27): warning: no newline at end of file [-Wnewline-eof]
#endif /*_MAIN_H*/
                  ^
main.c(47): warning: unused parameter 'argum' [-Wunused-parameter]
void thread1(void* argum)
                   ^
main.c(48): warning: function 'thread1' could be declared with attribute 'noreturn' [-Wmissing-noreturn]
{
^
main.c(58): warning: unused parameter 'argum' [-Wunused-parameter]
void thread2(void* argum)
                   ^
main.c(59): warning: function 'thread2' could be declared with attribute 'noreturn' [-Wmissing-noreturn]
{
^
main.c(76): warning: unused parameter 'argum' [-Wunused-parameter]
void thread3(void* argum)
                   ^
main.c(77): warning: function 'thread3' could be declared with attribute 'noreturn' [-Wmissing-noreturn]
{
^
main.c(1): warning: In file included from...
./main.h(13): warning: no previous extern declaration for non-static variable 't1' [-Wmissing-variable-declarations]
osThreadId_t t1;
             ^
./main.h(13): note: declare 'static' if the variable is not intended to be used outside of this translation unit
osThreadId_t t1;
^
./main.h(14): warning: no previous extern declaration for non-static variable 't2' [-Wmissing-variable-declarations]
osThreadId_t t2;
             ^
./main.h(14): note: declare 'static' if the variable is not intended to be used outside of this translation unit
osThreadId_t t2;
^
./main.h(15): warning: no previous extern declaration for non-static variable 't3' [-Wmissing-variable-declarations]
osThreadId_t t3;
             ^
./main.h(15): note: declare 'static' if the variable is not intended to be used outside of this translation unit
osThreadId_t t3;
^
./main.h(16): warning: no previous extern declaration for non-static variable 'flagsSet2' [-Wmissing-variable-declarations]
uint32_t flagsSet2;
         ^
./main.h(16): note: declare 'static' if the variable is not intended to be used outside of this translation unit
uint32_t flagsSet2;
^
./main.h(17): warning: no previous extern declaration for non-static variable 'flagsSet3' [-Wmissing-variable-declarations]
uint32_t flagsSet3;
         ^
./main.h(17): note: declare 'static' if the variable is not intended to be used outside of this translation unit
uint32_t flagsSet3;
^
./main.h(18): warning: no previous extern declaration for non-static variable 'flagsWait2' [-Wmissing-variable-declarations]
uint32_t flagsWait2;
         ^
./main.h(18): note: declare 'static' if the variable is not intended to be used outside of this translation unit
uint32_t flagsWait2;
^
./main.h(19): warning: no previous extern declaration for non-static variable 'flagsWait3' [-Wmissing-variable-declarations]
uint32_t flagsWait3;
         ^
./main.h(19): note: declare 'static' if the variable is not intended to be used outside of this translation unit
uint32_t flagsWait3;
^
14 warnings generated.
compiling main.c...
linking...
Program Size: Code=7892 RO-data=540 RW-data=168 ZI-data=35800  
".\Objects\lab5.axf" - 0 Error(s), 14 Warning(s).

<h2>Software Packages used:</h2>

Package Vendor: ARM
                http://www.keil.com/pack/ARM.CMSIS.5.7.0.pack
                ARM.CMSIS.5.7.0
                CMSIS (Cortex Microcontroller Software Interface Standard)
   * Component: RTOS2 Version: 2.1.3
   * Component: CORE Version: 5.4.0
   * Component: Keil RTX5 Variant: Library Version: 5.5.2

Package Vendor: Keil
                http://www.keil.com/pack/Keil.STM32F1xx_DFP.2.3.0.pack
                Keil.STM32F1xx_DFP.2.3.0
                STMicroelectronics STM32F1 Series Device Support, Drivers and Examples
   * Component: Startup Version: 1.0.0
   * Component: Framework Version: 3.5.1
   * Component: GPIO Version: 3.5.0
   * Component: RCC Version: 3.5.0
   * Component: TIM Version: 3.5.0

<h2>Collection of Component include folders:</h2>
  .\RTE\CMSIS
  .\RTE\Device\STM32F103C8
  .\RTE\_Target_1
  D:\keli\app\ARM\CMSIS\5.7.0\CMSIS\Core\Include
  D:\keli\app\ARM\CMSIS\5.7.0\CMSIS\RTOS2\Include
  D:\keli\app\ARM\CMSIS\5.7.0\CMSIS\RTOS2\RTX\Include
  D:\keli\app\Keil\STM32F1xx_DFP\2.3.0\Device\Include
  D:\keli\app\Keil\STM32F1xx_DFP\2.3.0\Device\StdPeriph_Driver\inc

<h2>Collection of Component Files used:</h2>

   * Component: ::CMSIS:RTOS2:2.1.3 (API)
      Include file:  CMSIS\RTOS2\Include\cmsis_os2.h

   * Component: ARM::CMSIS:CORE:5.4.0

   * Component: ARM::CMSIS:RTOS2:Keil RTX5:Library:5.5.2
      Include file:  CMSIS\RTOS2\RTX\Config\RTX_Config.h
      Source file:   CMSIS\RTOS2\RTX\Config\RTX_Config.c
      Include file:  CMSIS\RTOS2\RTX\Include\rtx_os.h
      Source file:   CMSIS\RTOS2\RTX\Template\main.c
      Source file:   CMSIS\RTOS2\RTX\Template\Events.c
      Source file:   CMSIS\RTOS2\RTX\Template\MemPool.c
      Source file:   CMSIS\RTOS2\RTX\Template\MsgQueue.c
      Source file:   CMSIS\RTOS2\RTX\Template\Mutex.c
      Source file:   CMSIS\RTOS2\RTX\Source\rtx_lib.c
      Source file:   CMSIS\RTOS2\RTX\Template\Thread.c
      Source file:   CMSIS\RTOS2\RTX\Template\Timer.c
      Source file:   CMSIS\RTOS2\RTX\Template\Semaphore.c
      Library file:  CMSIS\RTOS2\RTX\Library\ARM\RTX_CM3.lib
      Source file:   CMSIS\RTOS2\RTX\Template\svc_user.c

   * Component: Keil::Device:Startup:1.0.0
      Source file:   Device\Source\ARM\startup_stm32f10x_md.s
      Source file:   Device\Source\system_stm32f10x.c
      Include file:  RTE_Driver\Config\RTE_Device.h
      Source file:   Device\Source\ARM\STM32F1xx_OPT.s

   * Component: Keil::Device:StdPeriph Drivers:Framework:3.5.1
      Source file:   Device\StdPeriph_Driver\templates\stm32f10x_it.c
      Include file:  Device\StdPeriph_Driver\inc\misc.h
      Source file:   Device\StdPeriph_Driver\src\misc.c
      Include file:  Device\StdPeriph_Driver\templates\stm32f10x_it.h
      Source file:   Device\StdPeriph_Driver\templates\stm32f10x_conf.h

   * Component: Keil::Device:StdPeriph Drivers:GPIO:3.5.0
      Include file:  Device\StdPeriph_Driver\inc\stm32f10x_gpio.h
      Source file:   Device\StdPeriph_Driver\src\stm32f10x_gpio.c

   * Component: Keil::Device:StdPeriph Drivers:RCC:3.5.0
      Include file:  Device\StdPeriph_Driver\inc\stm32f10x_rcc.h
      Source file:   Device\StdPeriph_Driver\src\stm32f10x_rcc.c

   * Component: Keil::Device:StdPeriph Drivers:TIM:3.5.0
      Include file:  Device\StdPeriph_Driver\inc\stm32f10x_tim.h
      Source file:   Device\StdPeriph_Driver\src\stm32f10x_tim.c
Build Time Elapsed:  00:00:02
</pre>
</body>
</html>
